V2 3
FL F:/graduation/graduation.vhd 2009/06/29.20:41:52 H.42
EN work/GRADUATION 1246604444      FL F:/graduation/graduation.vhd PB ieee/STD_LOGIC_1164 1106404628 \
      PB ieee/STD_LOGIC_ARITH 1106404630 PB ieee/STD_LOGIC_UNSIGNED 1106404634
AR work/GRADUATION/BEHAVIORAL 1246604445 FL F:/graduation/graduation.vhd EN work/GRADUATION 1246604444
