Archive member included because of file (symbol)

../seq_bsp/\libhal_bsp.a(alt_load.o)
                              ../seq_bsp//obj/HAL/src/crt0.o (alt_load)
../seq_bsp/\libhal_bsp.a(alt_main.o)
                              ../seq_bsp//obj/HAL/src/crt0.o (alt_main)
../seq_bsp/\libhal_bsp.a(alt_sys_init.o)
                              ../seq_bsp/\libhal_bsp.a(alt_main.o) (alt_irq_init)
../seq_bsp/\libhal_bsp.a(altera_avalon_jtag_uart_fd.o)
                              ../seq_bsp/\libhal_bsp.a(alt_sys_init.o) (altera_avalon_jtag_uart_read_fd)
../seq_bsp/\libhal_bsp.a(altera_avalon_jtag_uart_init.o)
                              ../seq_bsp/\libhal_bsp.a(alt_sys_init.o) (altera_avalon_jtag_uart_init)
../seq_bsp/\libhal_bsp.a(altera_avalon_jtag_uart_ioctl.o)
                              ../seq_bsp/\libhal_bsp.a(altera_avalon_jtag_uart_fd.o) (altera_avalon_jtag_uart_ioctl)
../seq_bsp/\libhal_bsp.a(altera_avalon_jtag_uart_read.o)
                              ../seq_bsp/\libhal_bsp.a(altera_avalon_jtag_uart_fd.o) (altera_avalon_jtag_uart_read)
../seq_bsp/\libhal_bsp.a(altera_avalon_jtag_uart_write.o)
                              ../seq_bsp/\libhal_bsp.a(altera_avalon_jtag_uart_fd.o) (altera_avalon_jtag_uart_write)
../seq_bsp/\libhal_bsp.a(altera_avalon_timer_sc.o)
                              ../seq_bsp/\libhal_bsp.a(alt_sys_init.o) (alt_avalon_timer_sc_init)
../seq_bsp/\libhal_bsp.a(altera_avalon_uart_fd.o)
                              ../seq_bsp/\libhal_bsp.a(alt_sys_init.o) (altera_avalon_uart_read_fd)
../seq_bsp/\libhal_bsp.a(altera_avalon_uart_init.o)
                              ../seq_bsp/\libhal_bsp.a(alt_sys_init.o) (altera_avalon_uart_init)
../seq_bsp/\libhal_bsp.a(altera_avalon_uart_read.o)
                              ../seq_bsp/\libhal_bsp.a(altera_avalon_uart_fd.o) (altera_avalon_uart_read)
../seq_bsp/\libhal_bsp.a(altera_avalon_uart_write.o)
                              ../seq_bsp/\libhal_bsp.a(altera_avalon_uart_fd.o) (altera_avalon_uart_write)
../seq_bsp/\libhal_bsp.a(alt_alarm_start.o)
                              ../seq_bsp/\libhal_bsp.a(altera_avalon_jtag_uart_init.o) (alt_alarm_start)
../seq_bsp/\libhal_bsp.a(alt_close.o)
                              ../seq_bsp/\libhal_bsp.a(alt_main.o) (close)
../seq_bsp/\libhal_bsp.a(alt_dcache_flush_all.o)
                              ../seq_bsp/\libhal_bsp.a(alt_load.o) (alt_dcache_flush_all)
../seq_bsp/\libhal_bsp.a(alt_dev.o)
                              ../seq_bsp/\libhal_bsp.a(alt_sys_init.o) (alt_dev_list)
../seq_bsp/\libhal_bsp.a(alt_dev_llist_insert.o)
                              ../seq_bsp/\libhal_bsp.a(alt_sys_init.o) (alt_dev_llist_insert)
../seq_bsp/\libhal_bsp.a(alt_do_ctors.o)
                              ../seq_bsp/\libhal_bsp.a(alt_main.o) (_do_ctors)
../seq_bsp/\libhal_bsp.a(alt_do_dtors.o)
                              ../seq_bsp/\libhal_bsp.a(alt_main.o) (_do_dtors)
../seq_bsp/\libhal_bsp.a(alt_errno.o)
                              ../seq_bsp/\libhal_bsp.a(altera_avalon_uart_read.o) (alt_errno)
../seq_bsp/\libhal_bsp.a(alt_icache_flush_all.o)
                              ../seq_bsp/\libhal_bsp.a(alt_load.o) (alt_icache_flush_all)
../seq_bsp/\libhal_bsp.a(alt_iic.o)
                              ../seq_bsp/\libhal_bsp.a(altera_avalon_jtag_uart_init.o) (alt_ic_isr_register)
../seq_bsp/\libhal_bsp.a(alt_iic_isr_register.o)
                              ../seq_bsp/\libhal_bsp.a(alt_iic.o) (alt_iic_isr_register)
../seq_bsp/\libhal_bsp.a(alt_io_redirect.o)
                              ../seq_bsp/\libhal_bsp.a(alt_main.o) (alt_io_redirect)
../seq_bsp/\libhal_bsp.a(alt_irq_entry.o)
                              ../seq_bsp/\libhal_bsp.a(alt_iic_isr_register.o) (alt_irq_entry)
../seq_bsp/\libhal_bsp.a(alt_irq_handler.o)
                              ../seq_bsp/\libhal_bsp.a(alt_iic_isr_register.o) (alt_irq)
../seq_bsp/\libhal_bsp.a(alt_irq_vars.o)
                              ../seq_bsp/\libhal_bsp.a(alt_iic.o) (alt_irq_active)
../seq_bsp/\libhal_bsp.a(alt_open.o)
                              ../seq_bsp/\libhal_bsp.a(alt_io_redirect.o) (open)
../seq_bsp/\libhal_bsp.a(alt_release_fd.o)
                              ../seq_bsp/\libhal_bsp.a(alt_close.o) (alt_release_fd)
../seq_bsp/\libhal_bsp.a(alt_tick.o)
                              ../seq_bsp/\libhal_bsp.a(altera_avalon_jtag_uart_init.o) (_alt_tick_rate)
../seq_bsp/\libhal_bsp.a(altera_nios2_qsys_irq.o)
                              ../seq_bsp/\libhal_bsp.a(alt_sys_init.o) (altera_nios2_qsys_irq_init)
../seq_bsp/\libhal_bsp.a(alt_exception_entry.o)
                              ../seq_bsp/\libhal_bsp.a(alt_irq_entry.o) (alt_exception)
../seq_bsp/\libhal_bsp.a(alt_find_dev.o)
                              ../seq_bsp/\libhal_bsp.a(alt_open.o) (alt_find_dev)
../seq_bsp/\libhal_bsp.a(alt_find_file.o)
                              ../seq_bsp/\libhal_bsp.a(alt_open.o) (alt_find_file)
../seq_bsp/\libhal_bsp.a(alt_get_fd.o)
                              ../seq_bsp/\libhal_bsp.a(alt_open.o) (alt_get_fd)
../seq_bsp/\libhal_bsp.a(alt_icache_flush.o)
                              ../seq_bsp/\libhal_bsp.a(alt_icache_flush_all.o) (alt_icache_flush)
d:/altera/13.1/nios2eds/bin/gnu/h-i686-mingw32/bin/../lib/gcc/nios2-elf/4.7.3/../../../../../H-i686-mingw32/nios2-elf/lib\libc.a(lib_a-atexit.o)
                              ../seq_bsp/\libhal_bsp.a(alt_main.o) (atexit)
d:/altera/13.1/nios2eds/bin/gnu/h-i686-mingw32/bin/../lib/gcc/nios2-elf/4.7.3/../../../../../H-i686-mingw32/nios2-elf/lib\libc.a(lib_a-exit.o)
                              ../seq_bsp/\libhal_bsp.a(alt_main.o) (exit)
d:/altera/13.1/nios2eds/bin/gnu/h-i686-mingw32/bin/../lib/gcc/nios2-elf/4.7.3/../../../../../H-i686-mingw32/nios2-elf/lib\libc.a(lib_a-impure.o)
                              d:/altera/13.1/nios2eds/bin/gnu/h-i686-mingw32/bin/../lib/gcc/nios2-elf/4.7.3/../../../../../H-i686-mingw32/nios2-elf/lib\libc.a(lib_a-exit.o) (_global_impure_ptr)
d:/altera/13.1/nios2eds/bin/gnu/h-i686-mingw32/bin/../lib/gcc/nios2-elf/4.7.3/../../../../../H-i686-mingw32/nios2-elf/lib\libc.a(lib_a-int_errno.o)
                              ../seq_bsp/\libhal_bsp.a(altera_avalon_uart_read.o) (errno)
d:/altera/13.1/nios2eds/bin/gnu/h-i686-mingw32/bin/../lib/gcc/nios2-elf/4.7.3/../../../../../H-i686-mingw32/nios2-elf/lib\libc.a(lib_a-memcmp.o)
                              ../seq_bsp/\libhal_bsp.a(alt_find_dev.o) (memcmp)
d:/altera/13.1/nios2eds/bin/gnu/h-i686-mingw32/bin/../lib/gcc/nios2-elf/4.7.3/../../../../../H-i686-mingw32/nios2-elf/lib\libc.a(lib_a-memcpy.o)
                              ../seq_bsp/\libhal_bsp.a(altera_avalon_jtag_uart_read.o) (memcpy)
d:/altera/13.1/nios2eds/bin/gnu/h-i686-mingw32/bin/../lib/gcc/nios2-elf/4.7.3/../../../../../H-i686-mingw32/nios2-elf/lib\libc.a(lib_a-strlen.o)
                              ../seq_bsp/\libhal_bsp.a(alt_find_dev.o) (strlen)
d:/altera/13.1/nios2eds/bin/gnu/h-i686-mingw32/bin/../lib/gcc/nios2-elf/4.7.3/../../../../../H-i686-mingw32/nios2-elf/lib\libc.a(lib_a-__atexit.o)
                              d:/altera/13.1/nios2eds/bin/gnu/h-i686-mingw32/bin/../lib/gcc/nios2-elf/4.7.3/../../../../../H-i686-mingw32/nios2-elf/lib\libc.a(lib_a-atexit.o) (__register_exitproc)
d:/altera/13.1/nios2eds/bin/gnu/h-i686-mingw32/bin/../lib/gcc/nios2-elf/4.7.3/../../../../../H-i686-mingw32/nios2-elf/lib\libc.a(lib_a-__call_atexit.o)
                              d:/altera/13.1/nios2eds/bin/gnu/h-i686-mingw32/bin/../lib/gcc/nios2-elf/4.7.3/../../../../../H-i686-mingw32/nios2-elf/lib\libc.a(lib_a-exit.o) (__call_exitprocs)
../seq_bsp/\libhal_bsp.a(alt_exit.o)
                              d:/altera/13.1/nios2eds/bin/gnu/h-i686-mingw32/bin/../lib/gcc/nios2-elf/4.7.3/../../../../../H-i686-mingw32/nios2-elf/lib\libc.a(lib_a-exit.o) (_exit)

Allocating common symbols
Common symbol       size              file

alt_irq             0x100             ../seq_bsp/\libhal_bsp.a(alt_irq_handler.o)
errno               0x4               d:/altera/13.1/nios2eds/bin/gnu/h-i686-mingw32/bin/../lib/gcc/nios2-elf/4.7.3/../../../../../H-i686-mingw32/nios2-elf/lib\libc.a(lib_a-int_errno.o)
_atexit0            0x190             d:/altera/13.1/nios2eds/bin/gnu/h-i686-mingw32/bin/../lib/gcc/nios2-elf/4.7.3/../../../../../H-i686-mingw32/nios2-elf/lib\libc.a(lib_a-atexit.o)

Memory Configuration

Name             Origin             Length             Attributes
reset            0x04000000         0x00000020
sdram            0x04000020         0x03ffffe0
*default*        0x00000000         0xffffffff

Linker script and memory map

LOAD ../seq_bsp//obj/HAL/src/crt0.o
LOAD obj/default/hello_world.o
LOAD d:/altera/13.1/nios2eds/bin/gnu/h-i686-mingw32/bin/../lib/gcc/nios2-elf/4.7.3/../../../../../H-i686-mingw32/nios2-elf/lib\libstdc++.a
LOAD d:/altera/13.1/nios2eds/bin/gnu/h-i686-mingw32/bin/../lib/gcc/nios2-elf/4.7.3/../../../../../H-i686-mingw32/nios2-elf/lib\libm.a
LOAD d:/altera/13.1/nios2eds/bin/gnu/h-i686-mingw32/bin/../lib/gcc/nios2-elf/4.7.3\libgcc.a
START GROUP
LOAD d:/altera/13.1/nios2eds/bin/gnu/h-i686-mingw32/bin/../lib/gcc/nios2-elf/4.7.3/../../../../../H-i686-mingw32/nios2-elf/lib\libc.a
LOAD d:/altera/13.1/nios2eds/bin/gnu/h-i686-mingw32/bin/../lib/gcc/nios2-elf/4.7.3\libgcc.a
LOAD ../seq_bsp/\libhal_bsp.a
END GROUP
LOAD d:/altera/13.1/nios2eds/bin/gnu/h-i686-mingw32/bin/../lib/gcc/nios2-elf/4.7.3\libgcc.a
                0x04000000                __alt_mem_sdram = 0x4000000

.entry          0x04000000       0x20
 *(.entry)
 .entry         0x04000000       0x20 ../seq_bsp//obj/HAL/src/crt0.o
                0x04000000                __reset

.exceptions     0x04000020      0x198
                0x04000020                PROVIDE (__ram_exceptions_start, ABSOLUTE (.))
                0x04000020                . = ALIGN (0x20)
 *(.irq)
 *(.exceptions.entry.label)
 .exceptions.entry.label
                0x04000020        0x0 ../seq_bsp/\libhal_bsp.a(alt_irq_entry.o)
                0x04000020                alt_irq_entry
 .exceptions.entry.label
                0x04000020        0x0 ../seq_bsp/\libhal_bsp.a(alt_exception_entry.o)
                0x04000020                alt_exception
 *(.exceptions.entry.user)
 *(.exceptions.entry.ecc_fatal)
 *(.exceptions.entry)
 .exceptions.entry
                0x04000020       0x54 ../seq_bsp/\libhal_bsp.a(alt_exception_entry.o)
 *(.exceptions.irqtest.user)
 *(.exceptions.irqtest)
 .exceptions.irqtest
                0x04000074       0x10 ../seq_bsp/\libhal_bsp.a(alt_irq_entry.o)
 *(.exceptions.irqhandler.user)
 *(.exceptions.irqhandler)
 .exceptions.irqhandler
                0x04000084        0x4 ../seq_bsp/\libhal_bsp.a(alt_irq_entry.o)
 *(.exceptions.irqreturn.user)
 *(.exceptions.irqreturn)
 .exceptions.irqreturn
                0x04000088        0x4 ../seq_bsp/\libhal_bsp.a(alt_irq_entry.o)
 *(.exceptions.notirq.label)
 .exceptions.notirq.label
                0x0400008c        0x0 ../seq_bsp/\libhal_bsp.a(alt_irq_entry.o)
 *(.exceptions.notirq.user)
 *(.exceptions.notirq)
 .exceptions.notirq
                0x0400008c        0x8 ../seq_bsp/\libhal_bsp.a(alt_exception_entry.o)
 *(.exceptions.soft.user)
 *(.exceptions.soft)
 *(.exceptions.unknown.user)
 *(.exceptions.unknown)
 .exceptions.unknown
                0x04000094        0x4 ../seq_bsp/\libhal_bsp.a(alt_exception_entry.o)
 *(.exceptions.exit.label)
 .exceptions.exit.label
                0x04000098        0x0 ../seq_bsp/\libhal_bsp.a(alt_irq_entry.o)
 .exceptions.exit.label
                0x04000098        0x0 ../seq_bsp/\libhal_bsp.a(alt_exception_entry.o)
 *(.exceptions.exit.user)
 *(.exceptions.exit)
 .exceptions.exit
                0x04000098       0x54 ../seq_bsp/\libhal_bsp.a(alt_exception_entry.o)
 *(.exceptions)
 .exceptions    0x040000ec       0xcc ../seq_bsp/\libhal_bsp.a(alt_irq_handler.o)
                0x040000ec                alt_irq_handler
                0x040001b8                PROVIDE (__ram_exceptions_end, ABSOLUTE (.))
                0x04000020                PROVIDE (__flash_exceptions_start, LOADADDR (.exceptions))

.text           0x040001b8     0x2d54
                0x040001b8                PROVIDE (stext, ABSOLUTE (.))
 *(.interp)
 *(.hash)
 *(.dynsym)
 *(.dynstr)
 *(.gnu.version)
 *(.gnu.version_d)
 *(.gnu.version_r)
 *(.rel.init)
 *(.rela.init)
 *(.rel.text .rel.text.* .rel.gnu.linkonce.t.*)
 *(.rela.text .rela.text.* .rela.gnu.linkonce.t.*)
 *(.rel.fini)
 *(.rela.fini)
 *(.rel.rodata .rel.rodata.* .rel.gnu.linkonce.r.*)
 *(.rela.rodata .rela.rodata.* .rela.gnu.linkonce.r.*)
 *(.rel.data .rel.data.* .rel.gnu.linkonce.d.*)
 *(.rela.data .rela.data.* .rela.gnu.linkonce.d.*)
 *(.rel.tdata .rel.tdata.* .rel.gnu.linkonce.td.*)
 *(.rela.tdata .rela.tdata.* .rela.gnu.linkonce.td.*)
 *(.rel.tbss .rel.tbss.* .rel.gnu.linkonce.tb.*)
 *(.rela.tbss .rela.tbss.* .rela.gnu.linkonce.tb.*)
 *(.rel.ctors)
 *(.rela.ctors)
 *(.rel.dtors)
 *(.rela.dtors)
 *(.rel.got)
 *(.rela.got)
 *(.rel.sdata .rel.sdata.* .rel.gnu.linkonce.s.*)
 *(.rela.sdata .rela.sdata.* .rela.gnu.linkonce.s.*)
 *(.rel.sbss .rel.sbss.* .rel.gnu.linkonce.sb.*)
 *(.rela.sbss .rela.sbss.* .rela.gnu.linkonce.sb.*)
 *(.rel.sdata2 .rel.sdata2.* .rel.gnu.linkonce.s2.*)
 *(.rela.sdata2 .rela.sdata2.* .rela.gnu.linkonce.s2.*)
 *(.rel.sbss2 .rel.sbss2.* .rel.gnu.linkonce.sb2.*)
 *(.rela.sbss2 .rela.sbss2.* .rela.gnu.linkonce.sb2.*)
 *(.rel.bss .rel.bss.* .rel.gnu.linkonce.b.*)
 *(.rela.bss .rela.bss.* .rela.gnu.linkonce.b.*)
 *(.rel.plt)
 *(.rela.plt)
 *(.rel.dyn)
 *(.init)
 *(.plt)
 *(.text .stub .text.* .gnu.linkonce.t.*)
 .text          0x040001b8       0x4c ../seq_bsp//obj/HAL/src/crt0.o
                0x040001b8                _start
 .text          0x04000204       0xec obj/default/hello_world.o
                0x04000204                main
 .text          0x040002f0       0xec ../seq_bsp/\libhal_bsp.a(alt_load.o)
                0x0400035c                alt_load
 .text          0x040003dc       0x78 ../seq_bsp/\libhal_bsp.a(alt_main.o)
                0x040003dc                alt_main
 .text          0x04000454       0xec ../seq_bsp/\libhal_bsp.a(alt_sys_init.o)
                0x0400048c                alt_irq_init
                0x040004c0                alt_sys_init
 .text          0x04000540      0x164 ../seq_bsp/\libhal_bsp.a(altera_avalon_jtag_uart_fd.o)
                0x04000540                altera_avalon_jtag_uart_read_fd
                0x040005a0                altera_avalon_jtag_uart_write_fd
                0x04000600                altera_avalon_jtag_uart_close_fd
                0x04000650                altera_avalon_jtag_uart_ioctl_fd
 .text          0x040006a4      0x3d0 ../seq_bsp/\libhal_bsp.a(altera_avalon_jtag_uart_init.o)
                0x040006a4                altera_avalon_jtag_uart_init
                0x04000a0c                altera_avalon_jtag_uart_close
 .text          0x04000a74       0xf4 ../seq_bsp/\libhal_bsp.a(altera_avalon_jtag_uart_ioctl.o)
                0x04000a74                altera_avalon_jtag_uart_ioctl
 .text          0x04000b68      0x218 ../seq_bsp/\libhal_bsp.a(altera_avalon_jtag_uart_read.o)
                0x04000b68                altera_avalon_jtag_uart_read
 .text          0x04000d80      0x224 ../seq_bsp/\libhal_bsp.a(altera_avalon_jtag_uart_write.o)
                0x04000d80                altera_avalon_jtag_uart_write
 .text          0x04000fa4       0xfc ../seq_bsp/\libhal_bsp.a(altera_avalon_timer_sc.o)
                0x04001018                alt_avalon_timer_sc_init
 .text          0x040010a0      0x110 ../seq_bsp/\libhal_bsp.a(altera_avalon_uart_fd.o)
                0x040010a0                altera_avalon_uart_read_fd
                0x04001100                altera_avalon_uart_write_fd
                0x04001160                altera_avalon_uart_close_fd
 .text          0x040011b0      0x3a8 ../seq_bsp/\libhal_bsp.a(altera_avalon_uart_init.o)
                0x040011b0                altera_avalon_uart_init
                0x04001504                altera_avalon_uart_close
 .text          0x04001558      0x254 ../seq_bsp/\libhal_bsp.a(altera_avalon_uart_read.o)
                0x040015a8                altera_avalon_uart_read
 .text          0x040017ac      0x1f8 ../seq_bsp/\libhal_bsp.a(altera_avalon_uart_write.o)
                0x040017fc                altera_avalon_uart_write
 .text          0x040019a4      0x140 ../seq_bsp/\libhal_bsp.a(alt_alarm_start.o)
                0x040019a4                alt_alarm_start
 .text          0x04001ae4      0x118 ../seq_bsp/\libhal_bsp.a(alt_close.o)
                0x04001b34                close
 .text          0x04001bfc       0x44 ../seq_bsp/\libhal_bsp.a(alt_dcache_flush_all.o)
                0x04001bfc                alt_dcache_flush_all
 .text          0x04001c40       0x2c ../seq_bsp/\libhal_bsp.a(alt_dev.o)
 .text          0x04001c6c       0xf0 ../seq_bsp/\libhal_bsp.a(alt_dev_llist_insert.o)
                0x04001cbc                alt_dev_llist_insert
 .text          0x04001d5c       0x5c ../seq_bsp/\libhal_bsp.a(alt_do_ctors.o)
                0x04001d5c                _do_ctors
 .text          0x04001db8       0x5c ../seq_bsp/\libhal_bsp.a(alt_do_dtors.o)
                0x04001db8                _do_dtors
 .text          0x04001e14        0x0 ../seq_bsp/\libhal_bsp.a(alt_errno.o)
 .text          0x04001e14       0x30 ../seq_bsp/\libhal_bsp.a(alt_icache_flush_all.o)
                0x04001e14                alt_icache_flush_all
 .text          0x04001e44      0x1d8 ../seq_bsp/\libhal_bsp.a(alt_iic.o)
                0x04001e44                alt_ic_isr_register
                0x04001e94                alt_ic_irq_enable
                0x04001f30                alt_ic_irq_disable
                0x04001fd0                alt_ic_irq_enabled
 .text          0x0400201c       0xf0 ../seq_bsp/\libhal_bsp.a(alt_iic_isr_register.o)
                0x0400201c                alt_iic_isr_register
 .text          0x0400210c      0x138 ../seq_bsp/\libhal_bsp.a(alt_io_redirect.o)
                0x040021cc                alt_io_redirect
 .text          0x04002244        0x0 ../seq_bsp/\libhal_bsp.a(alt_irq_entry.o)
 .text          0x04002244        0x0 ../seq_bsp/\libhal_bsp.a(alt_irq_handler.o)
 .text          0x04002244        0x0 ../seq_bsp/\libhal_bsp.a(alt_irq_vars.o)
 .text          0x04002244      0x270 ../seq_bsp/\libhal_bsp.a(alt_open.o)
                0x04002360                open
 .text          0x040024b4       0x60 ../seq_bsp/\libhal_bsp.a(alt_release_fd.o)
                0x040024b4                alt_release_fd
 .text          0x04002514      0x19c ../seq_bsp/\libhal_bsp.a(alt_tick.o)
                0x04002514                alt_alarm_stop
                0x040025ac                alt_tick
 .text          0x040026b0       0x20 ../seq_bsp/\libhal_bsp.a(altera_nios2_qsys_irq.o)
                0x040026b0                altera_nios2_qsys_irq_init
 .text          0x040026d0        0x0 ../seq_bsp/\libhal_bsp.a(alt_exception_entry.o)
 .text          0x040026d0       0x90 ../seq_bsp/\libhal_bsp.a(alt_find_dev.o)
                0x040026d0                alt_find_dev
 .text          0x04002760      0x114 ../seq_bsp/\libhal_bsp.a(alt_find_file.o)
                0x04002760                alt_find_file
 .text          0x04002874       0xb4 ../seq_bsp/\libhal_bsp.a(alt_get_fd.o)
                0x04002874                alt_get_fd
 .text          0x04002928       0x8c ../seq_bsp/\libhal_bsp.a(alt_icache_flush.o)
                0x04002928                alt_icache_flush
 .text          0x040029b4       0x14 d:/altera/13.1/nios2eds/bin/gnu/h-i686-mingw32/bin/../lib/gcc/nios2-elf/4.7.3/../../../../../H-i686-mingw32/nios2-elf/lib\libc.a(lib_a-atexit.o)
                0x040029b4                atexit
 .text          0x040029c8       0x38 d:/altera/13.1/nios2eds/bin/gnu/h-i686-mingw32/bin/../lib/gcc/nios2-elf/4.7.3/../../../../../H-i686-mingw32/nios2-elf/lib\libc.a(lib_a-exit.o)
                0x040029c8                exit
 .text          0x04002a00        0x0 d:/altera/13.1/nios2eds/bin/gnu/h-i686-mingw32/bin/../lib/gcc/nios2-elf/4.7.3/../../../../../H-i686-mingw32/nios2-elf/lib\libc.a(lib_a-impure.o)
 .text          0x04002a00        0x0 d:/altera/13.1/nios2eds/bin/gnu/h-i686-mingw32/bin/../lib/gcc/nios2-elf/4.7.3/../../../../../H-i686-mingw32/nios2-elf/lib\libc.a(lib_a-int_errno.o)
 .text          0x04002a00       0x7c d:/altera/13.1/nios2eds/bin/gnu/h-i686-mingw32/bin/../lib/gcc/nios2-elf/4.7.3/../../../../../H-i686-mingw32/nios2-elf/lib\libc.a(lib_a-memcmp.o)
                0x04002a00                memcmp
 .text          0x04002a7c       0xf8 d:/altera/13.1/nios2eds/bin/gnu/h-i686-mingw32/bin/../lib/gcc/nios2-elf/4.7.3/../../../../../H-i686-mingw32/nios2-elf/lib\libc.a(lib_a-memcpy.o)
                0x04002a7c                memcpy
 .text          0x04002b74       0x8c d:/altera/13.1/nios2eds/bin/gnu/h-i686-mingw32/bin/../lib/gcc/nios2-elf/4.7.3/../../../../../H-i686-mingw32/nios2-elf/lib\libc.a(lib_a-strlen.o)
                0x04002b74                strlen
 .text          0x04002c00      0x130 d:/altera/13.1/nios2eds/bin/gnu/h-i686-mingw32/bin/../lib/gcc/nios2-elf/4.7.3/../../../../../H-i686-mingw32/nios2-elf/lib\libc.a(lib_a-__atexit.o)
                0x04002c00                __register_exitproc
 .text          0x04002d30      0x1a0 d:/altera/13.1/nios2eds/bin/gnu/h-i686-mingw32/bin/../lib/gcc/nios2-elf/4.7.3/../../../../../H-i686-mingw32/nios2-elf/lib\libc.a(lib_a-__call_atexit.o)
                0x04002d30                __call_exitprocs
 .text          0x04002ed0       0x3c ../seq_bsp/\libhal_bsp.a(alt_exit.o)
                0x04002ed0                _exit
 *(.gnu.warning.*)
 *(.fini)
                0x04002f0c                PROVIDE (__etext, ABSOLUTE (.))
                0x04002f0c                PROVIDE (_etext, ABSOLUTE (.))
                0x04002f0c                PROVIDE (etext, ABSOLUTE (.))
 *(.eh_frame_hdr)
                0x04002f0c                . = ALIGN (0x4)
                0x04002f0c                PROVIDE (__preinit_array_start, ABSOLUTE (.))
 *(.preinit_array)
                0x04002f0c                PROVIDE (__preinit_array_end, ABSOLUTE (.))
                0x04002f0c                PROVIDE (__init_array_start, ABSOLUTE (.))
 *(.init_array)
                0x04002f0c                PROVIDE (__init_array_end, ABSOLUTE (.))
                0x04002f0c                PROVIDE (__fini_array_start, ABSOLUTE (.))
 *(.fini_array)
                0x04002f0c                PROVIDE (__fini_array_end, ABSOLUTE (.))
 *(.eh_frame)
 *(.gcc_except_table .gcc_except_table.*)
 *(.dynamic)
                0x04002f0c                PROVIDE (__CTOR_LIST__, ABSOLUTE (.))
 *(.ctors)
 *(SORT(.ctors.*))
                0x04002f0c                PROVIDE (__CTOR_END__, ABSOLUTE (.))
                0x04002f0c                PROVIDE (__DTOR_LIST__, ABSOLUTE (.))
 *(.dtors)
 *(SORT(.dtors.*))
                0x04002f0c                PROVIDE (__DTOR_END__, ABSOLUTE (.))
 *(.jcr)
                0x04002f0c                . = ALIGN (0x4)

.rodata         0x04002f0c       0x3c
                0x04002f0c                PROVIDE (__ram_rodata_start, ABSOLUTE (.))
                0x04002f0c                . = ALIGN (0x4)
 *(.rodata .rodata.* .gnu.linkonce.r.*)
 .rodata        0x04002f0c        0xc ../seq_bsp/\libhal_bsp.a(alt_main.o)
 .rodata        0x04002f18       0x20 ../seq_bsp/\libhal_bsp.a(alt_sys_init.o)
 .rodata        0x04002f38        0xc ../seq_bsp/\libhal_bsp.a(alt_dev.o)
 .rodata.str1.4
                0x04002f44        0x4 d:/altera/13.1/nios2eds/bin/gnu/h-i686-mingw32/bin/../lib/gcc/nios2-elf/4.7.3/../../../../../H-i686-mingw32/nios2-elf/lib\libc.a(lib_a-impure.o)
 *(.rodata1)
                0x04002f48                . = ALIGN (0x4)
                0x04002f48                PROVIDE (__ram_rodata_end, ABSOLUTE (.))
                0x04002f0c                PROVIDE (__flash_rodata_start, LOADADDR (.rodata))

.rwdata         0x04002f48     0x1704 load address 0x0400464c
                0x04002f48                PROVIDE (__ram_rwdata_start, ABSOLUTE (.))
                0x04002f48                . = ALIGN (0x4)
 *(.got.plt)
 *(.got)
 *(.data1)
 *(.data .data.* .gnu.linkonce.d.*)
 .data          0x04002f48        0x0 ../seq_bsp//obj/HAL/src/crt0.o
 .data          0x04002f48        0x0 obj/default/hello_world.o
 .data          0x04002f48        0x0 ../seq_bsp/\libhal_bsp.a(alt_load.o)
 .data          0x04002f48        0x0 ../seq_bsp/\libhal_bsp.a(alt_main.o)
 .data          0x04002f48     0x1124 ../seq_bsp/\libhal_bsp.a(alt_sys_init.o)
 .data          0x0400406c        0x0 ../seq_bsp/\libhal_bsp.a(altera_avalon_jtag_uart_fd.o)
 .data          0x0400406c        0x0 ../seq_bsp/\libhal_bsp.a(altera_avalon_jtag_uart_init.o)
 .data          0x0400406c        0x0 ../seq_bsp/\libhal_bsp.a(altera_avalon_jtag_uart_ioctl.o)
 .data          0x0400406c        0x0 ../seq_bsp/\libhal_bsp.a(altera_avalon_jtag_uart_read.o)
 .data          0x0400406c        0x0 ../seq_bsp/\libhal_bsp.a(altera_avalon_jtag_uart_write.o)
 .data          0x0400406c        0x0 ../seq_bsp/\libhal_bsp.a(altera_avalon_timer_sc.o)
 .data          0x0400406c        0x0 ../seq_bsp/\libhal_bsp.a(altera_avalon_uart_fd.o)
 .data          0x0400406c        0x0 ../seq_bsp/\libhal_bsp.a(altera_avalon_uart_init.o)
 .data          0x0400406c        0x0 ../seq_bsp/\libhal_bsp.a(altera_avalon_uart_read.o)
 .data          0x0400406c        0x0 ../seq_bsp/\libhal_bsp.a(altera_avalon_uart_write.o)
 .data          0x0400406c        0x0 ../seq_bsp/\libhal_bsp.a(alt_alarm_start.o)
 .data          0x0400406c        0x0 ../seq_bsp/\libhal_bsp.a(alt_close.o)
 .data          0x0400406c        0x0 ../seq_bsp/\libhal_bsp.a(alt_dcache_flush_all.o)
 .data          0x0400406c      0x1a8 ../seq_bsp/\libhal_bsp.a(alt_dev.o)
                0x0400406c                alt_dev_null
                0x04004094                alt_fd_list
 .data          0x04004214        0x0 ../seq_bsp/\libhal_bsp.a(alt_dev_llist_insert.o)
 .data          0x04004214        0x0 ../seq_bsp/\libhal_bsp.a(alt_do_ctors.o)
 .data          0x04004214        0x0 ../seq_bsp/\libhal_bsp.a(alt_do_dtors.o)
 .data          0x04004214        0x0 ../seq_bsp/\libhal_bsp.a(alt_errno.o)
 .data          0x04004214        0x0 ../seq_bsp/\libhal_bsp.a(alt_icache_flush_all.o)
 .data          0x04004214        0x0 ../seq_bsp/\libhal_bsp.a(alt_iic.o)
 .data          0x04004214        0x0 ../seq_bsp/\libhal_bsp.a(alt_iic_isr_register.o)
 .data          0x04004214        0x0 ../seq_bsp/\libhal_bsp.a(alt_io_redirect.o)
 .data          0x04004214        0x0 ../seq_bsp/\libhal_bsp.a(alt_irq_entry.o)
 .data          0x04004214        0x0 ../seq_bsp/\libhal_bsp.a(alt_irq_handler.o)
 .data          0x04004214        0x0 ../seq_bsp/\libhal_bsp.a(alt_irq_vars.o)
 .data          0x04004214        0x0 ../seq_bsp/\libhal_bsp.a(alt_open.o)
 .data          0x04004214        0x0 ../seq_bsp/\libhal_bsp.a(alt_release_fd.o)
 .data          0x04004214        0x0 ../seq_bsp/\libhal_bsp.a(alt_tick.o)
 .data          0x04004214        0x0 ../seq_bsp/\libhal_bsp.a(altera_nios2_qsys_irq.o)
 .data          0x04004214        0x0 ../seq_bsp/\libhal_bsp.a(alt_exception_entry.o)
 .data          0x04004214        0x0 ../seq_bsp/\libhal_bsp.a(alt_find_dev.o)
 .data          0x04004214        0x0 ../seq_bsp/\libhal_bsp.a(alt_find_file.o)
 .data          0x04004214        0x0 ../seq_bsp/\libhal_bsp.a(alt_get_fd.o)
 .data          0x04004214        0x0 ../seq_bsp/\libhal_bsp.a(alt_icache_flush.o)
 .data          0x04004214        0x0 d:/altera/13.1/nios2eds/bin/gnu/h-i686-mingw32/bin/../lib/gcc/nios2-elf/4.7.3/../../../../../H-i686-mingw32/nios2-elf/lib\libc.a(lib_a-atexit.o)
 .data          0x04004214        0x0 d:/altera/13.1/nios2eds/bin/gnu/h-i686-mingw32/bin/../lib/gcc/nios2-elf/4.7.3/../../../../../H-i686-mingw32/nios2-elf/lib\libc.a(lib_a-exit.o)
 .data          0x04004214      0x400 d:/altera/13.1/nios2eds/bin/gnu/h-i686-mingw32/bin/../lib/gcc/nios2-elf/4.7.3/../../../../../H-i686-mingw32/nios2-elf/lib\libc.a(lib_a-impure.o)
 .data          0x04004614        0x0 d:/altera/13.1/nios2eds/bin/gnu/h-i686-mingw32/bin/../lib/gcc/nios2-elf/4.7.3/../../../../../H-i686-mingw32/nios2-elf/lib\libc.a(lib_a-int_errno.o)
 .data          0x04004614        0x0 d:/altera/13.1/nios2eds/bin/gnu/h-i686-mingw32/bin/../lib/gcc/nios2-elf/4.7.3/../../../../../H-i686-mingw32/nios2-elf/lib\libc.a(lib_a-memcmp.o)
 .data          0x04004614        0x0 d:/altera/13.1/nios2eds/bin/gnu/h-i686-mingw32/bin/../lib/gcc/nios2-elf/4.7.3/../../../../../H-i686-mingw32/nios2-elf/lib\libc.a(lib_a-memcpy.o)
 .data          0x04004614        0x0 d:/altera/13.1/nios2eds/bin/gnu/h-i686-mingw32/bin/../lib/gcc/nios2-elf/4.7.3/../../../../../H-i686-mingw32/nios2-elf/lib\libc.a(lib_a-strlen.o)
 .data          0x04004614        0x0 d:/altera/13.1/nios2eds/bin/gnu/h-i686-mingw32/bin/../lib/gcc/nios2-elf/4.7.3/../../../../../H-i686-mingw32/nios2-elf/lib\libc.a(lib_a-__atexit.o)
 .data          0x04004614        0x0 d:/altera/13.1/nios2eds/bin/gnu/h-i686-mingw32/bin/../lib/gcc/nios2-elf/4.7.3/../../../../../H-i686-mingw32/nios2-elf/lib\libc.a(lib_a-__call_atexit.o)
 .data          0x04004614        0x0 ../seq_bsp/\libhal_bsp.a(alt_exit.o)
                0x0400c614                _gp = ABSOLUTE ((. + 0x8000))
                0x0400c614                PROVIDE (gp, _gp)
 *(.rwdata .rwdata.*)
 *(.sdata .sdata.* .gnu.linkonce.s.*)
 .sdata         0x04004614        0xc obj/default/hello_world.o
                0x04004614                fore_txdata
                0x0400461a                latter_txdata
 .sdata         0x04004620       0x14 ../seq_bsp/\libhal_bsp.a(alt_dev.o)
                0x04004620                alt_fs_list
                0x04004628                alt_dev_list
                0x04004630                alt_max_fd
 .sdata         0x04004634        0x4 ../seq_bsp/\libhal_bsp.a(alt_errno.o)
                0x04004634                alt_errno
 .sdata         0x04004638        0x4 ../seq_bsp/\libhal_bsp.a(alt_irq_vars.o)
                0x04004638                alt_priority_mask
 .sdata         0x0400463c        0x8 ../seq_bsp/\libhal_bsp.a(alt_tick.o)
                0x0400463c                alt_alarm_list
 .sdata         0x04004644        0x8 d:/altera/13.1/nios2eds/bin/gnu/h-i686-mingw32/bin/../lib/gcc/nios2-elf/4.7.3/../../../../../H-i686-mingw32/nios2-elf/lib\libc.a(lib_a-impure.o)
                0x04004644                _global_impure_ptr
                0x04004648                _impure_ptr
 *(.sdata2 .sdata2.* .gnu.linkonce.s2.*)
                0x0400464c                . = ALIGN (0x4)
                0x0400464c                _edata = ABSOLUTE (.)
                0x0400464c                PROVIDE (edata, ABSOLUTE (.))
                0x0400464c                PROVIDE (__ram_rwdata_end, ABSOLUTE (.))
                0x0400464c                PROVIDE (__flash_rwdata_start, LOADADDR (.rwdata))

.bss            0x04005d50      0x2ac
                0x04005d50                __bss_start = ABSOLUTE (.)
                0x04005d50                PROVIDE (__sbss_start, ABSOLUTE (.))
                0x04005d50                PROVIDE (___sbss_start, ABSOLUTE (.))
 *(.dynsbss)
 *(.sbss .sbss.* .gnu.linkonce.sb.*)
 .sbss          0x04005d50        0xc ../seq_bsp/\libhal_bsp.a(alt_main.o)
                0x04005d50                alt_argc
                0x04005d54                alt_argv
                0x04005d58                alt_envp
 .sbss          0x04005d5c        0x4 ../seq_bsp/\libhal_bsp.a(alt_irq_vars.o)
                0x04005d5c                alt_irq_active
 .sbss          0x04005d60        0x8 ../seq_bsp/\libhal_bsp.a(alt_tick.o)
                0x04005d60                _alt_tick_rate
                0x04005d64                _alt_nticks
 .sbss          0x04005d68        0x4 d:/altera/13.1/nios2eds/bin/gnu/h-i686-mingw32/bin/../lib/gcc/nios2-elf/4.7.3/../../../../../H-i686-mingw32/nios2-elf/lib\libc.a(lib_a-int_errno.o)
                0x04005d68                errno
 *(.sbss2 .sbss2.* .gnu.linkonce.sb2.*)
 *(.scommon)
                0x04005d6c                PROVIDE (__sbss_end, ABSOLUTE (.))
                0x04005d6c                PROVIDE (___sbss_end, ABSOLUTE (.))
 *(.dynbss)
 *(.bss .bss.* .gnu.linkonce.b.*)
 .bss           0x04005d6c        0x0 ../seq_bsp//obj/HAL/src/crt0.o
 .bss           0x04005d6c        0x0 obj/default/hello_world.o
 .bss           0x04005d6c        0x0 ../seq_bsp/\libhal_bsp.a(alt_load.o)
 .bss           0x04005d6c        0x0 ../seq_bsp/\libhal_bsp.a(alt_main.o)
 .bss           0x04005d6c        0x0 ../seq_bsp/\libhal_bsp.a(alt_sys_init.o)
 .bss           0x04005d6c        0x0 ../seq_bsp/\libhal_bsp.a(altera_avalon_jtag_uart_fd.o)
 .bss           0x04005d6c        0x0 ../seq_bsp/\libhal_bsp.a(altera_avalon_jtag_uart_init.o)
 .bss           0x04005d6c        0x0 ../seq_bsp/\libhal_bsp.a(altera_avalon_jtag_uart_ioctl.o)
 .bss           0x04005d6c        0x0 ../seq_bsp/\libhal_bsp.a(altera_avalon_jtag_uart_read.o)
 .bss           0x04005d6c        0x0 ../seq_bsp/\libhal_bsp.a(altera_avalon_jtag_uart_write.o)
 .bss           0x04005d6c        0x0 ../seq_bsp/\libhal_bsp.a(altera_avalon_timer_sc.o)
 .bss           0x04005d6c        0x0 ../seq_bsp/\libhal_bsp.a(altera_avalon_uart_fd.o)
 .bss           0x04005d6c        0x0 ../seq_bsp/\libhal_bsp.a(altera_avalon_uart_init.o)
 .bss           0x04005d6c        0x0 ../seq_bsp/\libhal_bsp.a(altera_avalon_uart_read.o)
 .bss           0x04005d6c        0x0 ../seq_bsp/\libhal_bsp.a(altera_avalon_uart_write.o)
 .bss           0x04005d6c        0x0 ../seq_bsp/\libhal_bsp.a(alt_alarm_start.o)
 .bss           0x04005d6c        0x0 ../seq_bsp/\libhal_bsp.a(alt_close.o)
 .bss           0x04005d6c        0x0 ../seq_bsp/\libhal_bsp.a(alt_dcache_flush_all.o)
 .bss           0x04005d6c        0x0 ../seq_bsp/\libhal_bsp.a(alt_dev.o)
 .bss           0x04005d6c        0x0 ../seq_bsp/\libhal_bsp.a(alt_dev_llist_insert.o)
 .bss           0x04005d6c        0x0 ../seq_bsp/\libhal_bsp.a(alt_do_ctors.o)
 .bss           0x04005d6c        0x0 ../seq_bsp/\libhal_bsp.a(alt_do_dtors.o)
 .bss           0x04005d6c        0x0 ../seq_bsp/\libhal_bsp.a(alt_errno.o)
 .bss           0x04005d6c        0x0 ../seq_bsp/\libhal_bsp.a(alt_icache_flush_all.o)
 .bss           0x04005d6c        0x0 ../seq_bsp/\libhal_bsp.a(alt_iic.o)
 .bss           0x04005d6c        0x0 ../seq_bsp/\libhal_bsp.a(alt_iic_isr_register.o)
 .bss           0x04005d6c        0x0 ../seq_bsp/\libhal_bsp.a(alt_io_redirect.o)
 .bss           0x04005d6c        0x0 ../seq_bsp/\libhal_bsp.a(alt_irq_entry.o)
 .bss           0x04005d6c        0x0 ../seq_bsp/\libhal_bsp.a(alt_irq_handler.o)
 .bss           0x04005d6c        0x0 ../seq_bsp/\libhal_bsp.a(alt_irq_vars.o)
 .bss           0x04005d6c        0x0 ../seq_bsp/\libhal_bsp.a(alt_open.o)
 .bss           0x04005d6c        0x0 ../seq_bsp/\libhal_bsp.a(alt_release_fd.o)
 .bss           0x04005d6c        0x0 ../seq_bsp/\libhal_bsp.a(alt_tick.o)
 .bss           0x04005d6c        0x0 ../seq_bsp/\libhal_bsp.a(altera_nios2_qsys_irq.o)
 .bss           0x04005d6c        0x0 ../seq_bsp/\libhal_bsp.a(alt_exception_entry.o)
 .bss           0x04005d6c        0x0 ../seq_bsp/\libhal_bsp.a(alt_find_dev.o)
 .bss           0x04005d6c        0x0 ../seq_bsp/\libhal_bsp.a(alt_find_file.o)
 .bss           0x04005d6c        0x0 ../seq_bsp/\libhal_bsp.a(alt_get_fd.o)
 .bss           0x04005d6c        0x0 ../seq_bsp/\libhal_bsp.a(alt_icache_flush.o)
 .bss           0x04005d6c        0x0 d:/altera/13.1/nios2eds/bin/gnu/h-i686-mingw32/bin/../lib/gcc/nios2-elf/4.7.3/../../../../../H-i686-mingw32/nios2-elf/lib\libc.a(lib_a-atexit.o)
 .bss           0x04005d6c        0x0 d:/altera/13.1/nios2eds/bin/gnu/h-i686-mingw32/bin/../lib/gcc/nios2-elf/4.7.3/../../../../../H-i686-mingw32/nios2-elf/lib\libc.a(lib_a-exit.o)
 .bss           0x04005d6c        0x0 d:/altera/13.1/nios2eds/bin/gnu/h-i686-mingw32/bin/../lib/gcc/nios2-elf/4.7.3/../../../../../H-i686-mingw32/nios2-elf/lib\libc.a(lib_a-impure.o)
 .bss           0x04005d6c        0x0 d:/altera/13.1/nios2eds/bin/gnu/h-i686-mingw32/bin/../lib/gcc/nios2-elf/4.7.3/../../../../../H-i686-mingw32/nios2-elf/lib\libc.a(lib_a-int_errno.o)
 .bss           0x04005d6c        0x0 d:/altera/13.1/nios2eds/bin/gnu/h-i686-mingw32/bin/../lib/gcc/nios2-elf/4.7.3/../../../../../H-i686-mingw32/nios2-elf/lib\libc.a(lib_a-memcmp.o)
 .bss           0x04005d6c        0x0 d:/altera/13.1/nios2eds/bin/gnu/h-i686-mingw32/bin/../lib/gcc/nios2-elf/4.7.3/../../../../../H-i686-mingw32/nios2-elf/lib\libc.a(lib_a-memcpy.o)
 .bss           0x04005d6c        0x0 d:/altera/13.1/nios2eds/bin/gnu/h-i686-mingw32/bin/../lib/gcc/nios2-elf/4.7.3/../../../../../H-i686-mingw32/nios2-elf/lib\libc.a(lib_a-strlen.o)
 .bss           0x04005d6c        0x0 d:/altera/13.1/nios2eds/bin/gnu/h-i686-mingw32/bin/../lib/gcc/nios2-elf/4.7.3/../../../../../H-i686-mingw32/nios2-elf/lib\libc.a(lib_a-__atexit.o)
 .bss           0x04005d6c        0x0 d:/altera/13.1/nios2eds/bin/gnu/h-i686-mingw32/bin/../lib/gcc/nios2-elf/4.7.3/../../../../../H-i686-mingw32/nios2-elf/lib\libc.a(lib_a-__call_atexit.o)
 .bss           0x04005d6c        0x0 ../seq_bsp/\libhal_bsp.a(alt_exit.o)
 *(COMMON)
 COMMON         0x04005d6c      0x100 ../seq_bsp/\libhal_bsp.a(alt_irq_handler.o)
                0x04005d6c                alt_irq
 COMMON         0x04005e6c      0x190 d:/altera/13.1/nios2eds/bin/gnu/h-i686-mingw32/bin/../lib/gcc/nios2-elf/4.7.3/../../../../../H-i686-mingw32/nios2-elf/lib\libc.a(lib_a-atexit.o)
                0x04005e6c                _atexit0
                0x04005ffc                . = ALIGN (0x4)
                0x04005ffc                __bss_end = ABSOLUTE (.)

.sdram          0x04005ffc        0x0
                0x04005ffc                PROVIDE (_alt_partition_sdram_start, ABSOLUTE (.))
 *(.sdram .sdram. sdram.*)
                0x04005ffc                . = ALIGN (0x4)
                0x04005ffc                PROVIDE (_alt_partition_sdram_end, ABSOLUTE (.))
                0x04005ffc                _end = ABSOLUTE (.)
                0x04005ffc                end = ABSOLUTE (.)
                0x04005ffc                __alt_stack_base = ABSOLUTE (.)
                0x04005ffc                PROVIDE (_alt_partition_sdram_load_addr, LOADADDR (.sdram))

.stab
 *(.stab)

.stabstr
 *(.stabstr)

.stab.excl
 *(.stab.excl)

.stab.exclstr
 *(.stab.exclstr)

.stab.index
 *(.stab.index)

.stab.indexstr
 *(.stab.indexstr)

.comment        0x00000000       0x23
 *(.comment)
 .comment       0x00000000       0x23 obj/default/hello_world.o
                                 0x24 (size before relaxing)
 .comment       0x00000000       0x24 ../seq_bsp/\libhal_bsp.a(alt_load.o)
 .comment       0x00000000       0x24 ../seq_bsp/\libhal_bsp.a(alt_main.o)
 .comment       0x00000000       0x24 ../seq_bsp/\libhal_bsp.a(alt_sys_init.o)
 .comment       0x00000000       0x24 ../seq_bsp/\libhal_bsp.a(altera_avalon_jtag_uart_fd.o)
 .comment       0x00000000       0x24 ../seq_bsp/\libhal_bsp.a(altera_avalon_jtag_uart_init.o)
 .comment       0x00000000       0x24 ../seq_bsp/\libhal_bsp.a(altera_avalon_jtag_uart_ioctl.o)
 .comment       0x00000000       0x24 ../seq_bsp/\libhal_bsp.a(altera_avalon_jtag_uart_read.o)
 .comment       0x00000000       0x24 ../seq_bsp/\libhal_bsp.a(altera_avalon_jtag_uart_write.o)
 .comment       0x00000000       0x24 ../seq_bsp/\libhal_bsp.a(altera_avalon_timer_sc.o)
 .comment       0x00000000       0x24 ../seq_bsp/\libhal_bsp.a(altera_avalon_uart_fd.o)
 .comment       0x00000000       0x24 ../seq_bsp/\libhal_bsp.a(altera_avalon_uart_init.o)
 .comment       0x00000000       0x24 ../seq_bsp/\libhal_bsp.a(altera_avalon_uart_read.o)
 .comment       0x00000000       0x24 ../seq_bsp/\libhal_bsp.a(altera_avalon_uart_write.o)
 .comment       0x00000000       0x24 ../seq_bsp/\libhal_bsp.a(alt_alarm_start.o)
 .comment       0x00000000       0x24 ../seq_bsp/\libhal_bsp.a(alt_close.o)
 .comment       0x00000000       0x24 ../seq_bsp/\libhal_bsp.a(alt_dcache_flush_all.o)
 .comment       0x00000000       0x24 ../seq_bsp/\libhal_bsp.a(alt_dev.o)
 .comment       0x00000000       0x24 ../seq_bsp/\libhal_bsp.a(alt_dev_llist_insert.o)
 .comment       0x00000000       0x24 ../seq_bsp/\libhal_bsp.a(alt_do_ctors.o)
 .comment       0x00000000       0x24 ../seq_bsp/\libhal_bsp.a(alt_do_dtors.o)
 .comment       0x00000000       0x24 ../seq_bsp/\libhal_bsp.a(alt_errno.o)
 .comment       0x00000000       0x24 ../seq_bsp/\libhal_bsp.a(alt_icache_flush_all.o)
 .comment       0x00000000       0x24 ../seq_bsp/\libhal_bsp.a(alt_iic.o)
 .comment       0x00000000       0x24 ../seq_bsp/\libhal_bsp.a(alt_iic_isr_register.o)
 .comment       0x00000000       0x24 ../seq_bsp/\libhal_bsp.a(alt_io_redirect.o)
 .comment       0x00000000       0x24 ../seq_bsp/\libhal_bsp.a(alt_irq_handler.o)
 .comment       0x00000000       0x24 ../seq_bsp/\libhal_bsp.a(alt_irq_vars.o)
 .comment       0x00000000       0x24 ../seq_bsp/\libhal_bsp.a(alt_open.o)
 .comment       0x00000000       0x24 ../seq_bsp/\libhal_bsp.a(alt_release_fd.o)
 .comment       0x00000000       0x24 ../seq_bsp/\libhal_bsp.a(alt_tick.o)
 .comment       0x00000000       0x24 ../seq_bsp/\libhal_bsp.a(altera_nios2_qsys_irq.o)
 .comment       0x00000000       0x24 ../seq_bsp/\libhal_bsp.a(alt_find_dev.o)
 .comment       0x00000000       0x24 ../seq_bsp/\libhal_bsp.a(alt_find_file.o)
 .comment       0x00000000       0x24 ../seq_bsp/\libhal_bsp.a(alt_get_fd.o)
 .comment       0x00000000       0x24 ../seq_bsp/\libhal_bsp.a(alt_icache_flush.o)
 .comment       0x00000000       0x24 d:/altera/13.1/nios2eds/bin/gnu/h-i686-mingw32/bin/../lib/gcc/nios2-elf/4.7.3/../../../../../H-i686-mingw32/nios2-elf/lib\libc.a(lib_a-atexit.o)
 .comment       0x00000000       0x24 d:/altera/13.1/nios2eds/bin/gnu/h-i686-mingw32/bin/../lib/gcc/nios2-elf/4.7.3/../../../../../H-i686-mingw32/nios2-elf/lib\libc.a(lib_a-exit.o)
 .comment       0x00000000       0x24 d:/altera/13.1/nios2eds/bin/gnu/h-i686-mingw32/bin/../lib/gcc/nios2-elf/4.7.3/../../../../../H-i686-mingw32/nios2-elf/lib\libc.a(lib_a-impure.o)
 .comment       0x00000000       0x24 d:/altera/13.1/nios2eds/bin/gnu/h-i686-mingw32/bin/../lib/gcc/nios2-elf/4.7.3/../../../../../H-i686-mingw32/nios2-elf/lib\libc.a(lib_a-int_errno.o)
 .comment       0x00000000       0x24 d:/altera/13.1/nios2eds/bin/gnu/h-i686-mingw32/bin/../lib/gcc/nios2-elf/4.7.3/../../../../../H-i686-mingw32/nios2-elf/lib\libc.a(lib_a-memcmp.o)
 .comment       0x00000000       0x24 d:/altera/13.1/nios2eds/bin/gnu/h-i686-mingw32/bin/../lib/gcc/nios2-elf/4.7.3/../../../../../H-i686-mingw32/nios2-elf/lib\libc.a(lib_a-memcpy.o)
 .comment       0x00000000       0x24 d:/altera/13.1/nios2eds/bin/gnu/h-i686-mingw32/bin/../lib/gcc/nios2-elf/4.7.3/../../../../../H-i686-mingw32/nios2-elf/lib\libc.a(lib_a-strlen.o)
 .comment       0x00000000       0x24 d:/altera/13.1/nios2eds/bin/gnu/h-i686-mingw32/bin/../lib/gcc/nios2-elf/4.7.3/../../../../../H-i686-mingw32/nios2-elf/lib\libc.a(lib_a-__atexit.o)
 .comment       0x00000000       0x24 d:/altera/13.1/nios2eds/bin/gnu/h-i686-mingw32/bin/../lib/gcc/nios2-elf/4.7.3/../../../../../H-i686-mingw32/nios2-elf/lib\libc.a(lib_a-__call_atexit.o)
 .comment       0x00000000       0x24 ../seq_bsp/\libhal_bsp.a(alt_exit.o)

.debug
 *(.debug)

.line
 *(.line)

.debug_srcinfo
 *(.debug_srcinfo)

.debug_sfnames
 *(.debug_sfnames)

.debug_aranges  0x00000000      0x630
 *(.debug_aranges)
 .debug_aranges
                0x00000000       0x28 ../seq_bsp//obj/HAL/src/crt0.o
 .debug_aranges
                0x00000028       0x20 obj/default/hello_world.o
 .debug_aranges
                0x00000048       0x20 ../seq_bsp/\libhal_bsp.a(alt_load.o)
 .debug_aranges
                0x00000068       0x20 ../seq_bsp/\libhal_bsp.a(alt_main.o)
 .debug_aranges
                0x00000088       0x20 ../seq_bsp/\libhal_bsp.a(alt_sys_init.o)
 .debug_aranges
                0x000000a8       0x20 ../seq_bsp/\libhal_bsp.a(altera_avalon_jtag_uart_fd.o)
 .debug_aranges
                0x000000c8       0x20 ../seq_bsp/\libhal_bsp.a(altera_avalon_jtag_uart_init.o)
 .debug_aranges
                0x000000e8       0x20 ../seq_bsp/\libhal_bsp.a(altera_avalon_jtag_uart_ioctl.o)
 .debug_aranges
                0x00000108       0x20 ../seq_bsp/\libhal_bsp.a(altera_avalon_jtag_uart_read.o)
 .debug_aranges
                0x00000128       0x20 ../seq_bsp/\libhal_bsp.a(altera_avalon_jtag_uart_write.o)
 .debug_aranges
                0x00000148       0x20 ../seq_bsp/\libhal_bsp.a(altera_avalon_timer_sc.o)
 .debug_aranges
                0x00000168       0x20 ../seq_bsp/\libhal_bsp.a(altera_avalon_uart_fd.o)
 .debug_aranges
                0x00000188       0x20 ../seq_bsp/\libhal_bsp.a(altera_avalon_uart_init.o)
 .debug_aranges
                0x000001a8       0x20 ../seq_bsp/\libhal_bsp.a(altera_avalon_uart_read.o)
 .debug_aranges
                0x000001c8       0x20 ../seq_bsp/\libhal_bsp.a(altera_avalon_uart_write.o)
 .debug_aranges
                0x000001e8       0x20 ../seq_bsp/\libhal_bsp.a(alt_alarm_start.o)
 .debug_aranges
                0x00000208       0x20 ../seq_bsp/\libhal_bsp.a(alt_close.o)
 .debug_aranges
                0x00000228       0x20 ../seq_bsp/\libhal_bsp.a(alt_dcache_flush_all.o)
 .debug_aranges
                0x00000248       0x20 ../seq_bsp/\libhal_bsp.a(alt_dev.o)
 .debug_aranges
                0x00000268       0x20 ../seq_bsp/\libhal_bsp.a(alt_dev_llist_insert.o)
 .debug_aranges
                0x00000288       0x20 ../seq_bsp/\libhal_bsp.a(alt_do_ctors.o)
 .debug_aranges
                0x000002a8       0x20 ../seq_bsp/\libhal_bsp.a(alt_do_dtors.o)
 .debug_aranges
                0x000002c8       0x18 ../seq_bsp/\libhal_bsp.a(alt_errno.o)
 .debug_aranges
                0x000002e0       0x20 ../seq_bsp/\libhal_bsp.a(alt_icache_flush_all.o)
 .debug_aranges
                0x00000300       0x20 ../seq_bsp/\libhal_bsp.a(alt_iic.o)
 .debug_aranges
                0x00000320       0x20 ../seq_bsp/\libhal_bsp.a(alt_iic_isr_register.o)
 .debug_aranges
                0x00000340       0x20 ../seq_bsp/\libhal_bsp.a(alt_io_redirect.o)
 .debug_aranges
                0x00000360       0x30 ../seq_bsp/\libhal_bsp.a(alt_irq_entry.o)
 .debug_aranges
                0x00000390       0x20 ../seq_bsp/\libhal_bsp.a(alt_irq_handler.o)
 .debug_aranges
                0x000003b0       0x18 ../seq_bsp/\libhal_bsp.a(alt_irq_vars.o)
 .debug_aranges
                0x000003c8       0x20 ../seq_bsp/\libhal_bsp.a(alt_open.o)
 .debug_aranges
                0x000003e8       0x20 ../seq_bsp/\libhal_bsp.a(alt_release_fd.o)
 .debug_aranges
                0x00000408       0x20 ../seq_bsp/\libhal_bsp.a(alt_tick.o)
 .debug_aranges
                0x00000428       0x20 ../seq_bsp/\libhal_bsp.a(altera_nios2_qsys_irq.o)
 .debug_aranges
                0x00000448       0x38 ../seq_bsp/\libhal_bsp.a(alt_exception_entry.o)
 .debug_aranges
                0x00000480       0x20 ../seq_bsp/\libhal_bsp.a(alt_find_dev.o)
 .debug_aranges
                0x000004a0       0x20 ../seq_bsp/\libhal_bsp.a(alt_find_file.o)
 .debug_aranges
                0x000004c0       0x20 ../seq_bsp/\libhal_bsp.a(alt_get_fd.o)
 .debug_aranges
                0x000004e0       0x20 ../seq_bsp/\libhal_bsp.a(alt_icache_flush.o)
 .debug_aranges
                0x00000500       0x20 d:/altera/13.1/nios2eds/bin/gnu/h-i686-mingw32/bin/../lib/gcc/nios2-elf/4.7.3/../../../../../H-i686-mingw32/nios2-elf/lib\libc.a(lib_a-atexit.o)
 .debug_aranges
                0x00000520       0x20 d:/altera/13.1/nios2eds/bin/gnu/h-i686-mingw32/bin/../lib/gcc/nios2-elf/4.7.3/../../../../../H-i686-mingw32/nios2-elf/lib\libc.a(lib_a-exit.o)
 .debug_aranges
                0x00000540       0x18 d:/altera/13.1/nios2eds/bin/gnu/h-i686-mingw32/bin/../lib/gcc/nios2-elf/4.7.3/../../../../../H-i686-mingw32/nios2-elf/lib\libc.a(lib_a-impure.o)
 .debug_aranges
                0x00000558       0x18 d:/altera/13.1/nios2eds/bin/gnu/h-i686-mingw32/bin/../lib/gcc/nios2-elf/4.7.3/../../../../../H-i686-mingw32/nios2-elf/lib\libc.a(lib_a-int_errno.o)
 .debug_aranges
                0x00000570       0x20 d:/altera/13.1/nios2eds/bin/gnu/h-i686-mingw32/bin/../lib/gcc/nios2-elf/4.7.3/../../../../../H-i686-mingw32/nios2-elf/lib\libc.a(lib_a-memcmp.o)
 .debug_aranges
                0x00000590       0x20 d:/altera/13.1/nios2eds/bin/gnu/h-i686-mingw32/bin/../lib/gcc/nios2-elf/4.7.3/../../../../../H-i686-mingw32/nios2-elf/lib\libc.a(lib_a-memcpy.o)
 .debug_aranges
                0x000005b0       0x20 d:/altera/13.1/nios2eds/bin/gnu/h-i686-mingw32/bin/../lib/gcc/nios2-elf/4.7.3/../../../../../H-i686-mingw32/nios2-elf/lib\libc.a(lib_a-strlen.o)
 .debug_aranges
                0x000005d0       0x20 d:/altera/13.1/nios2eds/bin/gnu/h-i686-mingw32/bin/../lib/gcc/nios2-elf/4.7.3/../../../../../H-i686-mingw32/nios2-elf/lib\libc.a(lib_a-__atexit.o)
 .debug_aranges
                0x000005f0       0x20 d:/altera/13.1/nios2eds/bin/gnu/h-i686-mingw32/bin/../lib/gcc/nios2-elf/4.7.3/../../../../../H-i686-mingw32/nios2-elf/lib\libc.a(lib_a-__call_atexit.o)
 .debug_aranges
                0x00000610       0x20 ../seq_bsp/\libhal_bsp.a(alt_exit.o)

.debug_pubnames
 *(.debug_pubnames)

.debug_info     0x00000000     0x8be1
 *(.debug_info .gnu.linkonce.wi.*)
 .debug_info    0x00000000       0x6e ../seq_bsp//obj/HAL/src/crt0.o
 .debug_info    0x0000006e      0x101 obj/default/hello_world.o
 .debug_info    0x0000016f      0x135 ../seq_bsp/\libhal_bsp.a(alt_load.o)
 .debug_info    0x000002a4      0x139 ../seq_bsp/\libhal_bsp.a(alt_main.o)
 .debug_info    0x000003dd      0x624 ../seq_bsp/\libhal_bsp.a(alt_sys_init.o)
 .debug_info    0x00000a01      0x58a ../seq_bsp/\libhal_bsp.a(altera_avalon_jtag_uart_fd.o)
 .debug_info    0x00000f8b      0x3d8 ../seq_bsp/\libhal_bsp.a(altera_avalon_jtag_uart_init.o)
 .debug_info    0x00001363      0x2a9 ../seq_bsp/\libhal_bsp.a(altera_avalon_jtag_uart_ioctl.o)
 .debug_info    0x0000160c      0x371 ../seq_bsp/\libhal_bsp.a(altera_avalon_jtag_uart_read.o)
 .debug_info    0x0000197d      0x36c ../seq_bsp/\libhal_bsp.a(altera_avalon_jtag_uart_write.o)
 .debug_info    0x00001ce9      0x235 ../seq_bsp/\libhal_bsp.a(altera_avalon_timer_sc.o)
 .debug_info    0x00001f1e      0x481 ../seq_bsp/\libhal_bsp.a(altera_avalon_uart_fd.o)
 .debug_info    0x0000239f      0x356 ../seq_bsp/\libhal_bsp.a(altera_avalon_uart_init.o)
 .debug_info    0x000026f5      0x33f ../seq_bsp/\libhal_bsp.a(altera_avalon_uart_read.o)
 .debug_info    0x00002a34      0x336 ../seq_bsp/\libhal_bsp.a(altera_avalon_uart_write.o)
 .debug_info    0x00002d6a      0x2e4 ../seq_bsp/\libhal_bsp.a(alt_alarm_start.o)
 .debug_info    0x0000304e      0x350 ../seq_bsp/\libhal_bsp.a(alt_close.o)
 .debug_info    0x0000339e       0xa3 ../seq_bsp/\libhal_bsp.a(alt_dcache_flush_all.o)
 .debug_info    0x00003441      0x4e3 ../seq_bsp/\libhal_bsp.a(alt_dev.o)
 .debug_info    0x00003924      0x1b9 ../seq_bsp/\libhal_bsp.a(alt_dev_llist_insert.o)
 .debug_info    0x00003add       0x8d ../seq_bsp/\libhal_bsp.a(alt_do_ctors.o)
 .debug_info    0x00003b6a       0x8d ../seq_bsp/\libhal_bsp.a(alt_do_dtors.o)
 .debug_info    0x00003bf7       0xa3 ../seq_bsp/\libhal_bsp.a(alt_errno.o)
 .debug_info    0x00003c9a       0x90 ../seq_bsp/\libhal_bsp.a(alt_icache_flush_all.o)
 .debug_info    0x00003d2a      0x364 ../seq_bsp/\libhal_bsp.a(alt_iic.o)
 .debug_info    0x0000408e      0x1f6 ../seq_bsp/\libhal_bsp.a(alt_iic_isr_register.o)
 .debug_info    0x00004284      0x4f0 ../seq_bsp/\libhal_bsp.a(alt_io_redirect.o)
 .debug_info    0x00004774       0x77 ../seq_bsp/\libhal_bsp.a(alt_irq_entry.o)
 .debug_info    0x000047eb      0x190 ../seq_bsp/\libhal_bsp.a(alt_irq_handler.o)
 .debug_info    0x0000497b       0x8a ../seq_bsp/\libhal_bsp.a(alt_irq_vars.o)
 .debug_info    0x00004a05      0x3f0 ../seq_bsp/\libhal_bsp.a(alt_open.o)
 .debug_info    0x00004df5      0x2dd ../seq_bsp/\libhal_bsp.a(alt_release_fd.o)
 .debug_info    0x000050d2      0x2b1 ../seq_bsp/\libhal_bsp.a(alt_tick.o)
 .debug_info    0x00005383       0x90 ../seq_bsp/\libhal_bsp.a(altera_nios2_qsys_irq.o)
 .debug_info    0x00005413       0x7d ../seq_bsp/\libhal_bsp.a(alt_exception_entry.o)
 .debug_info    0x00005490      0x30d ../seq_bsp/\libhal_bsp.a(alt_find_dev.o)
 .debug_info    0x0000579d      0x30c ../seq_bsp/\libhal_bsp.a(alt_find_file.o)
 .debug_info    0x00005aa9      0x339 ../seq_bsp/\libhal_bsp.a(alt_get_fd.o)
 .debug_info    0x00005de2       0xda ../seq_bsp/\libhal_bsp.a(alt_icache_flush.o)
 .debug_info    0x00005ebc      0x1e6 d:/altera/13.1/nios2eds/bin/gnu/h-i686-mingw32/bin/../lib/gcc/nios2-elf/4.7.3/../../../../../H-i686-mingw32/nios2-elf/lib\libc.a(lib_a-atexit.o)
 .debug_info    0x000060a2      0x993 d:/altera/13.1/nios2eds/bin/gnu/h-i686-mingw32/bin/../lib/gcc/nios2-elf/4.7.3/../../../../../H-i686-mingw32/nios2-elf/lib\libc.a(lib_a-exit.o)
 .debug_info    0x00006a35      0x938 d:/altera/13.1/nios2eds/bin/gnu/h-i686-mingw32/bin/../lib/gcc/nios2-elf/4.7.3/../../../../../H-i686-mingw32/nios2-elf/lib\libc.a(lib_a-impure.o)
 .debug_info    0x0000736d       0x84 d:/altera/13.1/nios2eds/bin/gnu/h-i686-mingw32/bin/../lib/gcc/nios2-elf/4.7.3/../../../../../H-i686-mingw32/nios2-elf/lib\libc.a(lib_a-int_errno.o)
 .debug_info    0x000073f1      0x117 d:/altera/13.1/nios2eds/bin/gnu/h-i686-mingw32/bin/../lib/gcc/nios2-elf/4.7.3/../../../../../H-i686-mingw32/nios2-elf/lib\libc.a(lib_a-memcmp.o)
 .debug_info    0x00007508      0x10e d:/altera/13.1/nios2eds/bin/gnu/h-i686-mingw32/bin/../lib/gcc/nios2-elf/4.7.3/../../../../../H-i686-mingw32/nios2-elf/lib\libc.a(lib_a-memcpy.o)
 .debug_info    0x00007616       0xdf d:/altera/13.1/nios2eds/bin/gnu/h-i686-mingw32/bin/../lib/gcc/nios2-elf/4.7.3/../../../../../H-i686-mingw32/nios2-elf/lib\libc.a(lib_a-strlen.o)
 .debug_info    0x000076f5      0x9f9 d:/altera/13.1/nios2eds/bin/gnu/h-i686-mingw32/bin/../lib/gcc/nios2-elf/4.7.3/../../../../../H-i686-mingw32/nios2-elf/lib\libc.a(lib_a-__atexit.o)
 .debug_info    0x000080ee      0xa07 d:/altera/13.1/nios2eds/bin/gnu/h-i686-mingw32/bin/../lib/gcc/nios2-elf/4.7.3/../../../../../H-i686-mingw32/nios2-elf/lib\libc.a(lib_a-__call_atexit.o)
 .debug_info    0x00008af5       0xec ../seq_bsp/\libhal_bsp.a(alt_exit.o)

.debug_abbrev   0x00000000     0x2ef7
 *(.debug_abbrev)
 .debug_abbrev  0x00000000       0x12 ../seq_bsp//obj/HAL/src/crt0.o
 .debug_abbrev  0x00000012       0x83 obj/default/hello_world.o
 .debug_abbrev  0x00000095       0x9d ../seq_bsp/\libhal_bsp.a(alt_load.o)
 .debug_abbrev  0x00000132       0xba ../seq_bsp/\libhal_bsp.a(alt_main.o)
 .debug_abbrev  0x000001ec      0x17f ../seq_bsp/\libhal_bsp.a(alt_sys_init.o)
 .debug_abbrev  0x0000036b      0x118 ../seq_bsp/\libhal_bsp.a(altera_avalon_jtag_uart_fd.o)
 .debug_abbrev  0x00000483      0x18f ../seq_bsp/\libhal_bsp.a(altera_avalon_jtag_uart_init.o)
 .debug_abbrev  0x00000612      0x102 ../seq_bsp/\libhal_bsp.a(altera_avalon_jtag_uart_ioctl.o)
 .debug_abbrev  0x00000714      0x19b ../seq_bsp/\libhal_bsp.a(altera_avalon_jtag_uart_read.o)
 .debug_abbrev  0x000008af      0x199 ../seq_bsp/\libhal_bsp.a(altera_avalon_jtag_uart_write.o)
 .debug_abbrev  0x00000a48      0x155 ../seq_bsp/\libhal_bsp.a(altera_avalon_timer_sc.o)
 .debug_abbrev  0x00000b9d      0x109 ../seq_bsp/\libhal_bsp.a(altera_avalon_uart_fd.o)
 .debug_abbrev  0x00000ca6      0x178 ../seq_bsp/\libhal_bsp.a(altera_avalon_uart_init.o)
 .debug_abbrev  0x00000e1e      0x183 ../seq_bsp/\libhal_bsp.a(altera_avalon_uart_read.o)
 .debug_abbrev  0x00000fa1      0x18a ../seq_bsp/\libhal_bsp.a(altera_avalon_uart_write.o)
 .debug_abbrev  0x0000112b      0x162 ../seq_bsp/\libhal_bsp.a(alt_alarm_start.o)
 .debug_abbrev  0x0000128d      0x11f ../seq_bsp/\libhal_bsp.a(alt_close.o)
 .debug_abbrev  0x000013ac       0x5a ../seq_bsp/\libhal_bsp.a(alt_dcache_flush_all.o)
 .debug_abbrev  0x00001406       0xd9 ../seq_bsp/\libhal_bsp.a(alt_dev.o)
 .debug_abbrev  0x000014df      0x114 ../seq_bsp/\libhal_bsp.a(alt_dev_llist_insert.o)
 .debug_abbrev  0x000015f3       0x79 ../seq_bsp/\libhal_bsp.a(alt_do_ctors.o)
 .debug_abbrev  0x0000166c       0x79 ../seq_bsp/\libhal_bsp.a(alt_do_dtors.o)
 .debug_abbrev  0x000016e5       0x5a ../seq_bsp/\libhal_bsp.a(alt_errno.o)
 .debug_abbrev  0x0000173f       0x42 ../seq_bsp/\libhal_bsp.a(alt_icache_flush_all.o)
 .debug_abbrev  0x00001781      0x16a ../seq_bsp/\libhal_bsp.a(alt_iic.o)
 .debug_abbrev  0x000018eb      0x169 ../seq_bsp/\libhal_bsp.a(alt_iic_isr_register.o)
 .debug_abbrev  0x00001a54      0x114 ../seq_bsp/\libhal_bsp.a(alt_io_redirect.o)
 .debug_abbrev  0x00001b68       0x12 ../seq_bsp/\libhal_bsp.a(alt_irq_entry.o)
 .debug_abbrev  0x00001b7a      0x124 ../seq_bsp/\libhal_bsp.a(alt_irq_handler.o)
 .debug_abbrev  0x00001c9e       0x40 ../seq_bsp/\libhal_bsp.a(alt_irq_vars.o)
 .debug_abbrev  0x00001cde      0x148 ../seq_bsp/\libhal_bsp.a(alt_open.o)
 .debug_abbrev  0x00001e26       0xde ../seq_bsp/\libhal_bsp.a(alt_release_fd.o)
 .debug_abbrev  0x00001f04      0x15a ../seq_bsp/\libhal_bsp.a(alt_tick.o)
 .debug_abbrev  0x0000205e       0x42 ../seq_bsp/\libhal_bsp.a(altera_nios2_qsys_irq.o)
 .debug_abbrev  0x000020a0       0x12 ../seq_bsp/\libhal_bsp.a(alt_exception_entry.o)
 .debug_abbrev  0x000020b2       0xf0 ../seq_bsp/\libhal_bsp.a(alt_find_dev.o)
 .debug_abbrev  0x000021a2       0xf0 ../seq_bsp/\libhal_bsp.a(alt_find_file.o)
 .debug_abbrev  0x00002292      0x10d ../seq_bsp/\libhal_bsp.a(alt_get_fd.o)
 .debug_abbrev  0x0000239f       0x8c ../seq_bsp/\libhal_bsp.a(alt_icache_flush.o)
 .debug_abbrev  0x0000242b      0x106 d:/altera/13.1/nios2eds/bin/gnu/h-i686-mingw32/bin/../lib/gcc/nios2-elf/4.7.3/../../../../../H-i686-mingw32/nios2-elf/lib\libc.a(lib_a-atexit.o)
 .debug_abbrev  0x00002531      0x1c8 d:/altera/13.1/nios2eds/bin/gnu/h-i686-mingw32/bin/../lib/gcc/nios2-elf/4.7.3/../../../../../H-i686-mingw32/nios2-elf/lib\libc.a(lib_a-exit.o)
 .debug_abbrev  0x000026f9      0x162 d:/altera/13.1/nios2eds/bin/gnu/h-i686-mingw32/bin/../lib/gcc/nios2-elf/4.7.3/../../../../../H-i686-mingw32/nios2-elf/lib\libc.a(lib_a-impure.o)
 .debug_abbrev  0x0000285b       0x37 d:/altera/13.1/nios2eds/bin/gnu/h-i686-mingw32/bin/../lib/gcc/nios2-elf/4.7.3/../../../../../H-i686-mingw32/nios2-elf/lib\libc.a(lib_a-int_errno.o)
 .debug_abbrev  0x00002892       0x7f d:/altera/13.1/nios2eds/bin/gnu/h-i686-mingw32/bin/../lib/gcc/nios2-elf/4.7.3/../../../../../H-i686-mingw32/nios2-elf/lib\libc.a(lib_a-memcmp.o)
 .debug_abbrev  0x00002911       0x9c d:/altera/13.1/nios2eds/bin/gnu/h-i686-mingw32/bin/../lib/gcc/nios2-elf/4.7.3/../../../../../H-i686-mingw32/nios2-elf/lib\libc.a(lib_a-memcpy.o)
 .debug_abbrev  0x000029ad       0x90 d:/altera/13.1/nios2eds/bin/gnu/h-i686-mingw32/bin/../lib/gcc/nios2-elf/4.7.3/../../../../../H-i686-mingw32/nios2-elf/lib\libc.a(lib_a-strlen.o)
 .debug_abbrev  0x00002a3d      0x211 d:/altera/13.1/nios2eds/bin/gnu/h-i686-mingw32/bin/../lib/gcc/nios2-elf/4.7.3/../../../../../H-i686-mingw32/nios2-elf/lib\libc.a(lib_a-__atexit.o)
 .debug_abbrev  0x00002c4e      0x203 d:/altera/13.1/nios2eds/bin/gnu/h-i686-mingw32/bin/../lib/gcc/nios2-elf/4.7.3/../../../../../H-i686-mingw32/nios2-elf/lib\libc.a(lib_a-__call_atexit.o)
 .debug_abbrev  0x00002e51       0xa6 ../seq_bsp/\libhal_bsp.a(alt_exit.o)

.debug_line     0x00000000     0x310e
 *(.debug_line)
 .debug_line    0x00000000       0x72 ../seq_bsp//obj/HAL/src/crt0.o
 .debug_line    0x00000072       0x8e obj/default/hello_world.o
 .debug_line    0x00000100       0x92 ../seq_bsp/\libhal_bsp.a(alt_load.o)
 .debug_line    0x00000192       0xa4 ../seq_bsp/\libhal_bsp.a(alt_main.o)
 .debug_line    0x00000236      0x187 ../seq_bsp/\libhal_bsp.a(alt_sys_init.o)
 .debug_line    0x000003bd      0x131 ../seq_bsp/\libhal_bsp.a(altera_avalon_jtag_uart_fd.o)
 .debug_line    0x000004ee      0x199 ../seq_bsp/\libhal_bsp.a(altera_avalon_jtag_uart_init.o)
 .debug_line    0x00000687      0x129 ../seq_bsp/\libhal_bsp.a(altera_avalon_jtag_uart_ioctl.o)
 .debug_line    0x000007b0      0x174 ../seq_bsp/\libhal_bsp.a(altera_avalon_jtag_uart_read.o)
 .debug_line    0x00000924      0x173 ../seq_bsp/\libhal_bsp.a(altera_avalon_jtag_uart_write.o)
 .debug_line    0x00000a97       0xfd ../seq_bsp/\libhal_bsp.a(altera_avalon_timer_sc.o)
 .debug_line    0x00000b94       0xf0 ../seq_bsp/\libhal_bsp.a(altera_avalon_uart_fd.o)
 .debug_line    0x00000c84      0x182 ../seq_bsp/\libhal_bsp.a(altera_avalon_uart_init.o)
 .debug_line    0x00000e06      0x188 ../seq_bsp/\libhal_bsp.a(altera_avalon_uart_read.o)
 .debug_line    0x00000f8e      0x166 ../seq_bsp/\libhal_bsp.a(altera_avalon_uart_write.o)
 .debug_line    0x000010f4       0xfa ../seq_bsp/\libhal_bsp.a(alt_alarm_start.o)
 .debug_line    0x000011ee      0x186 ../seq_bsp/\libhal_bsp.a(alt_close.o)
 .debug_line    0x00001374       0x61 ../seq_bsp/\libhal_bsp.a(alt_dcache_flush_all.o)
 .debug_line    0x000013d5      0x119 ../seq_bsp/\libhal_bsp.a(alt_dev.o)
 .debug_line    0x000014ee       0xd0 ../seq_bsp/\libhal_bsp.a(alt_dev_llist_insert.o)
 .debug_line    0x000015be       0x59 ../seq_bsp/\libhal_bsp.a(alt_do_ctors.o)
 .debug_line    0x00001617       0x59 ../seq_bsp/\libhal_bsp.a(alt_do_dtors.o)
 .debug_line    0x00001670       0x51 ../seq_bsp/\libhal_bsp.a(alt_errno.o)
 .debug_line    0x000016c1       0x50 ../seq_bsp/\libhal_bsp.a(alt_icache_flush_all.o)
 .debug_line    0x00001711       0xed ../seq_bsp/\libhal_bsp.a(alt_iic.o)
 .debug_line    0x000017fe       0xdb ../seq_bsp/\libhal_bsp.a(alt_iic_isr_register.o)
 .debug_line    0x000018d9      0x154 ../seq_bsp/\libhal_bsp.a(alt_io_redirect.o)
 .debug_line    0x00001a2d       0x6b ../seq_bsp/\libhal_bsp.a(alt_irq_entry.o)
 .debug_line    0x00001a98       0xae ../seq_bsp/\libhal_bsp.a(alt_irq_handler.o)
 .debug_line    0x00001b46       0x50 ../seq_bsp/\libhal_bsp.a(alt_irq_vars.o)
 .debug_line    0x00001b96      0x125 ../seq_bsp/\libhal_bsp.a(alt_open.o)
 .debug_line    0x00001cbb       0xae ../seq_bsp/\libhal_bsp.a(alt_release_fd.o)
 .debug_line    0x00001d69      0x102 ../seq_bsp/\libhal_bsp.a(alt_tick.o)
 .debug_line    0x00001e6b       0x51 ../seq_bsp/\libhal_bsp.a(altera_nios2_qsys_irq.o)
 .debug_line    0x00001ebc       0xab ../seq_bsp/\libhal_bsp.a(alt_exception_entry.o)
 .debug_line    0x00001f67       0xb9 ../seq_bsp/\libhal_bsp.a(alt_find_dev.o)
 .debug_line    0x00002020       0xd5 ../seq_bsp/\libhal_bsp.a(alt_find_file.o)
 .debug_line    0x000020f5       0xd1 ../seq_bsp/\libhal_bsp.a(alt_get_fd.o)
 .debug_line    0x000021c6       0x81 ../seq_bsp/\libhal_bsp.a(alt_icache_flush.o)
 .debug_line    0x00002247      0x16d d:/altera/13.1/nios2eds/bin/gnu/h-i686-mingw32/bin/../lib/gcc/nios2-elf/4.7.3/../../../../../H-i686-mingw32/nios2-elf/lib\libc.a(lib_a-atexit.o)
 .debug_line    0x000023b4      0x219 d:/altera/13.1/nios2eds/bin/gnu/h-i686-mingw32/bin/../lib/gcc/nios2-elf/4.7.3/../../../../../H-i686-mingw32/nios2-elf/lib\libc.a(lib_a-exit.o)
 .debug_line    0x000025cd      0x173 d:/altera/13.1/nios2eds/bin/gnu/h-i686-mingw32/bin/../lib/gcc/nios2-elf/4.7.3/../../../../../H-i686-mingw32/nios2-elf/lib\libc.a(lib_a-impure.o)
 .debug_line    0x00002740       0x5d d:/altera/13.1/nios2eds/bin/gnu/h-i686-mingw32/bin/../lib/gcc/nios2-elf/4.7.3/../../../../../H-i686-mingw32/nios2-elf/lib\libc.a(lib_a-int_errno.o)
 .debug_line    0x0000279d      0x18d d:/altera/13.1/nios2eds/bin/gnu/h-i686-mingw32/bin/../lib/gcc/nios2-elf/4.7.3/../../../../../H-i686-mingw32/nios2-elf/lib\libc.a(lib_a-memcmp.o)
 .debug_line    0x0000292a      0x13d d:/altera/13.1/nios2eds/bin/gnu/h-i686-mingw32/bin/../lib/gcc/nios2-elf/4.7.3/../../../../../H-i686-mingw32/nios2-elf/lib\libc.a(lib_a-memcpy.o)
 .debug_line    0x00002a67      0x182 d:/altera/13.1/nios2eds/bin/gnu/h-i686-mingw32/bin/../lib/gcc/nios2-elf/4.7.3/../../../../../H-i686-mingw32/nios2-elf/lib\libc.a(lib_a-strlen.o)
 .debug_line    0x00002be9      0x250 d:/altera/13.1/nios2eds/bin/gnu/h-i686-mingw32/bin/../lib/gcc/nios2-elf/4.7.3/../../../../../H-i686-mingw32/nios2-elf/lib\libc.a(lib_a-__atexit.o)
 .debug_line    0x00002e39      0x264 d:/altera/13.1/nios2eds/bin/gnu/h-i686-mingw32/bin/../lib/gcc/nios2-elf/4.7.3/../../../../../H-i686-mingw32/nios2-elf/lib\libc.a(lib_a-__call_atexit.o)
 .debug_line    0x0000309d       0x71 ../seq_bsp/\libhal_bsp.a(alt_exit.o)

.debug_frame    0x00000000      0xa04
 *(.debug_frame)
 .debug_frame   0x00000000       0x2c obj/default/hello_world.o
 .debug_frame   0x0000002c       0x48 ../seq_bsp/\libhal_bsp.a(alt_load.o)
 .debug_frame   0x00000074       0x2c ../seq_bsp/\libhal_bsp.a(alt_main.o)
 .debug_frame   0x000000a0       0x64 ../seq_bsp/\libhal_bsp.a(alt_sys_init.o)
 .debug_frame   0x00000104       0x80 ../seq_bsp/\libhal_bsp.a(altera_avalon_jtag_uart_fd.o)
 .debug_frame   0x00000184       0x80 ../seq_bsp/\libhal_bsp.a(altera_avalon_jtag_uart_init.o)
 .debug_frame   0x00000204       0x2c ../seq_bsp/\libhal_bsp.a(altera_avalon_jtag_uart_ioctl.o)
 .debug_frame   0x00000230       0x2c ../seq_bsp/\libhal_bsp.a(altera_avalon_jtag_uart_read.o)
 .debug_frame   0x0000025c       0x2c ../seq_bsp/\libhal_bsp.a(altera_avalon_jtag_uart_write.o)
 .debug_frame   0x00000288       0x48 ../seq_bsp/\libhal_bsp.a(altera_avalon_timer_sc.o)
 .debug_frame   0x000002d0       0x64 ../seq_bsp/\libhal_bsp.a(altera_avalon_uart_fd.o)
 .debug_frame   0x00000334       0x9c ../seq_bsp/\libhal_bsp.a(altera_avalon_uart_init.o)
 .debug_frame   0x000003d0       0x48 ../seq_bsp/\libhal_bsp.a(altera_avalon_uart_read.o)
 .debug_frame   0x00000418       0x48 ../seq_bsp/\libhal_bsp.a(altera_avalon_uart_write.o)
 .debug_frame   0x00000460       0x2c ../seq_bsp/\libhal_bsp.a(alt_alarm_start.o)
 .debug_frame   0x0000048c       0x48 ../seq_bsp/\libhal_bsp.a(alt_close.o)
 .debug_frame   0x000004d4       0x2c ../seq_bsp/\libhal_bsp.a(alt_dcache_flush_all.o)
 .debug_frame   0x00000500       0x2c ../seq_bsp/\libhal_bsp.a(alt_dev.o)
 .debug_frame   0x0000052c       0x48 ../seq_bsp/\libhal_bsp.a(alt_dev_llist_insert.o)
 .debug_frame   0x00000574       0x2c ../seq_bsp/\libhal_bsp.a(alt_do_ctors.o)
 .debug_frame   0x000005a0       0x2c ../seq_bsp/\libhal_bsp.a(alt_do_dtors.o)
 .debug_frame   0x000005cc       0x2c ../seq_bsp/\libhal_bsp.a(alt_icache_flush_all.o)
 .debug_frame   0x000005f8       0x80 ../seq_bsp/\libhal_bsp.a(alt_iic.o)
 .debug_frame   0x00000678       0x2c ../seq_bsp/\libhal_bsp.a(alt_iic_isr_register.o)
 .debug_frame   0x000006a4       0x48 ../seq_bsp/\libhal_bsp.a(alt_io_redirect.o)
 .debug_frame   0x000006ec       0x2c ../seq_bsp/\libhal_bsp.a(alt_irq_handler.o)
 .debug_frame   0x00000718       0x64 ../seq_bsp/\libhal_bsp.a(alt_open.o)
 .debug_frame   0x0000077c       0x2c ../seq_bsp/\libhal_bsp.a(alt_release_fd.o)
 .debug_frame   0x000007a8       0x48 ../seq_bsp/\libhal_bsp.a(alt_tick.o)
 .debug_frame   0x000007f0       0x2c ../seq_bsp/\libhal_bsp.a(altera_nios2_qsys_irq.o)
 .debug_frame   0x0000081c       0x2c ../seq_bsp/\libhal_bsp.a(alt_find_dev.o)
 .debug_frame   0x00000848       0x2c ../seq_bsp/\libhal_bsp.a(alt_find_file.o)
 .debug_frame   0x00000874       0x2c ../seq_bsp/\libhal_bsp.a(alt_get_fd.o)
 .debug_frame   0x000008a0       0x2c ../seq_bsp/\libhal_bsp.a(alt_icache_flush.o)
 .debug_frame   0x000008cc       0x20 d:/altera/13.1/nios2eds/bin/gnu/h-i686-mingw32/bin/../lib/gcc/nios2-elf/4.7.3/../../../../../H-i686-mingw32/nios2-elf/lib\libc.a(lib_a-atexit.o)
 .debug_frame   0x000008ec       0x28 d:/altera/13.1/nios2eds/bin/gnu/h-i686-mingw32/bin/../lib/gcc/nios2-elf/4.7.3/../../../../../H-i686-mingw32/nios2-elf/lib\libc.a(lib_a-exit.o)
 .debug_frame   0x00000914       0x20 d:/altera/13.1/nios2eds/bin/gnu/h-i686-mingw32/bin/../lib/gcc/nios2-elf/4.7.3/../../../../../H-i686-mingw32/nios2-elf/lib\libc.a(lib_a-memcmp.o)
 .debug_frame   0x00000934       0x20 d:/altera/13.1/nios2eds/bin/gnu/h-i686-mingw32/bin/../lib/gcc/nios2-elf/4.7.3/../../../../../H-i686-mingw32/nios2-elf/lib\libc.a(lib_a-memcpy.o)
 .debug_frame   0x00000954       0x20 d:/altera/13.1/nios2eds/bin/gnu/h-i686-mingw32/bin/../lib/gcc/nios2-elf/4.7.3/../../../../../H-i686-mingw32/nios2-elf/lib\libc.a(lib_a-strlen.o)
 .debug_frame   0x00000974       0x2c d:/altera/13.1/nios2eds/bin/gnu/h-i686-mingw32/bin/../lib/gcc/nios2-elf/4.7.3/../../../../../H-i686-mingw32/nios2-elf/lib\libc.a(lib_a-__atexit.o)
 .debug_frame   0x000009a0       0x38 d:/altera/13.1/nios2eds/bin/gnu/h-i686-mingw32/bin/../lib/gcc/nios2-elf/4.7.3/../../../../../H-i686-mingw32/nios2-elf/lib\libc.a(lib_a-__call_atexit.o)
 .debug_frame   0x000009d8       0x2c ../seq_bsp/\libhal_bsp.a(alt_exit.o)

.debug_str      0x00000000     0x17f4
 *(.debug_str)
 .debug_str     0x00000000       0xe7 obj/default/hello_world.o
                                0x125 (size before relaxing)
 .debug_str     0x000000e7      0x12b ../seq_bsp/\libhal_bsp.a(alt_load.o)
                                0x1c9 (size before relaxing)
 .debug_str     0x00000212       0x70 ../seq_bsp/\libhal_bsp.a(alt_main.o)
                                0x154 (size before relaxing)
 .debug_str     0x00000282      0x261 ../seq_bsp/\libhal_bsp.a(alt_sys_init.o)
                                0x3db (size before relaxing)
 .debug_str     0x000004e3       0xb9 ../seq_bsp/\libhal_bsp.a(altera_avalon_jtag_uart_fd.o)
                                0x35b (size before relaxing)
 .debug_str     0x0000059c       0xd1 ../seq_bsp/\libhal_bsp.a(altera_avalon_jtag_uart_init.o)
                                0x2ef (size before relaxing)
 .debug_str     0x0000066d       0x4a ../seq_bsp/\libhal_bsp.a(altera_avalon_jtag_uart_ioctl.o)
                                0x24a (size before relaxing)
 .debug_str     0x000006b7       0x7f ../seq_bsp/\libhal_bsp.a(altera_avalon_jtag_uart_read.o)
                                0x29f (size before relaxing)
 .debug_str     0x00000736       0x4a ../seq_bsp/\libhal_bsp.a(altera_avalon_jtag_uart_write.o)
                                0x2a0 (size before relaxing)
 .debug_str     0x00000780       0x6d ../seq_bsp/\libhal_bsp.a(altera_avalon_timer_sc.o)
                                0x202 (size before relaxing)
 .debug_str     0x000007ed       0x77 ../seq_bsp/\libhal_bsp.a(altera_avalon_uart_fd.o)
                                0x2ac (size before relaxing)
 .debug_str     0x00000864       0xb1 ../seq_bsp/\libhal_bsp.a(altera_avalon_uart_init.o)
                                0x26e (size before relaxing)
 .debug_str     0x00000915       0x5d ../seq_bsp/\libhal_bsp.a(altera_avalon_uart_read.o)
                                0x24f (size before relaxing)
 .debug_str     0x00000972       0x49 ../seq_bsp/\libhal_bsp.a(altera_avalon_uart_write.o)
                                0x243 (size before relaxing)
 .debug_str     0x000009bb       0x5f ../seq_bsp/\libhal_bsp.a(alt_alarm_start.o)
                                0x235 (size before relaxing)
 .debug_str     0x00000a1a       0x2c ../seq_bsp/\libhal_bsp.a(alt_close.o)
                                0x1c2 (size before relaxing)
 .debug_str     0x00000a46       0x34 ../seq_bsp/\libhal_bsp.a(alt_dcache_flush_all.o)
                                0x10c (size before relaxing)
 .debug_str     0x00000a7a      0x120 ../seq_bsp/\libhal_bsp.a(alt_dev.o)
                                0x2bc (size before relaxing)
 .debug_str     0x00000b9a       0x34 ../seq_bsp/\libhal_bsp.a(alt_dev_llist_insert.o)
                                0x183 (size before relaxing)
 .debug_str     0x00000bce       0x48 ../seq_bsp/\libhal_bsp.a(alt_do_ctors.o)
                                 0x93 (size before relaxing)
 .debug_str     0x00000c16       0x4c ../seq_bsp/\libhal_bsp.a(alt_do_dtors.o)
                                 0x92 (size before relaxing)
 .debug_str     0x00000c62       0x14 ../seq_bsp/\libhal_bsp.a(alt_errno.o)
                                 0xfc (size before relaxing)
 .debug_str     0x00000c76       0x34 ../seq_bsp/\libhal_bsp.a(alt_icache_flush_all.o)
                                0x10c (size before relaxing)
 .debug_str     0x00000caa       0xbd ../seq_bsp/\libhal_bsp.a(alt_iic.o)
                                0x1f5 (size before relaxing)
 .debug_str     0x00000d67       0x4c ../seq_bsp/\libhal_bsp.a(alt_iic_isr_register.o)
                                0x19f (size before relaxing)
 .debug_str     0x00000db3       0x56 ../seq_bsp/\libhal_bsp.a(alt_io_redirect.o)
                                0x2cd (size before relaxing)
 .debug_str     0x00000e09       0x3a ../seq_bsp/\libhal_bsp.a(alt_irq_handler.o)
                                0x14e (size before relaxing)
 .debug_str     0x00000e43       0x17 ../seq_bsp/\libhal_bsp.a(alt_irq_vars.o)
                                 0xfd (size before relaxing)
 .debug_str     0x00000e5a       0x2f ../seq_bsp/\libhal_bsp.a(alt_open.o)
                                0x202 (size before relaxing)
 .debug_str     0x00000e89       0x28 ../seq_bsp/\libhal_bsp.a(alt_release_fd.o)
                                0x196 (size before relaxing)
 .debug_str     0x00000eb1       0x4a ../seq_bsp/\libhal_bsp.a(alt_tick.o)
                                0x209 (size before relaxing)
 .debug_str     0x00000efb       0x3b ../seq_bsp/\libhal_bsp.a(altera_nios2_qsys_irq.o)
                                0x113 (size before relaxing)
 .debug_str     0x00000f36       0x24 ../seq_bsp/\libhal_bsp.a(alt_find_dev.o)
                                0x1a3 (size before relaxing)
 .debug_str     0x00000f5a       0x26 ../seq_bsp/\libhal_bsp.a(alt_find_file.o)
                                0x1b1 (size before relaxing)
 .debug_str     0x00000f80       0x30 ../seq_bsp/\libhal_bsp.a(alt_get_fd.o)
                                0x1d3 (size before relaxing)
 .debug_str     0x00000fb0       0x2c ../seq_bsp/\libhal_bsp.a(alt_icache_flush.o)
                                0x112 (size before relaxing)
 .debug_str     0x00000fdc      0x15c d:/altera/13.1/nios2eds/bin/gnu/h-i686-mingw32/bin/../lib/gcc/nios2-elf/4.7.3/../../../../../H-i686-mingw32/nios2-elf/lib\libc.a(lib_a-atexit.o)
                                0x20f (size before relaxing)
 .debug_str     0x00001138      0x353 d:/altera/13.1/nios2eds/bin/gnu/h-i686-mingw32/bin/../lib/gcc/nios2-elf/4.7.3/../../../../../H-i686-mingw32/nios2-elf/lib\libc.a(lib_a-exit.o)
                                0x52f (size before relaxing)
 .debug_str     0x0000148b       0xd4 d:/altera/13.1/nios2eds/bin/gnu/h-i686-mingw32/bin/../lib/gcc/nios2-elf/4.7.3/../../../../../H-i686-mingw32/nios2-elf/lib\libc.a(lib_a-impure.o)
                                0x526 (size before relaxing)
 .debug_str     0x0000155f       0x3d d:/altera/13.1/nios2eds/bin/gnu/h-i686-mingw32/bin/../lib/gcc/nios2-elf/4.7.3/../../../../../H-i686-mingw32/nios2-elf/lib\libc.a(lib_a-int_errno.o)
                                0x16f (size before relaxing)
 .debug_str     0x0000159c       0xd8 d:/altera/13.1/nios2eds/bin/gnu/h-i686-mingw32/bin/../lib/gcc/nios2-elf/4.7.3/../../../../../H-i686-mingw32/nios2-elf/lib\libc.a(lib_a-memcmp.o)
                                0x176 (size before relaxing)
 .debug_str     0x00001674       0x69 d:/altera/13.1/nios2eds/bin/gnu/h-i686-mingw32/bin/../lib/gcc/nios2-elf/4.7.3/../../../../../H-i686-mingw32/nios2-elf/lib\libc.a(lib_a-memcpy.o)
                                0x126 (size before relaxing)
 .debug_str     0x000016dd       0x4f d:/altera/13.1/nios2eds/bin/gnu/h-i686-mingw32/bin/../lib/gcc/nios2-elf/4.7.3/../../../../../H-i686-mingw32/nios2-elf/lib\libc.a(lib_a-strlen.o)
                                0x189 (size before relaxing)
 .debug_str     0x0000172c       0x3d d:/altera/13.1/nios2eds/bin/gnu/h-i686-mingw32/bin/../lib/gcc/nios2-elf/4.7.3/../../../../../H-i686-mingw32/nios2-elf/lib\libc.a(lib_a-__atexit.o)
                                0x573 (size before relaxing)
 .debug_str     0x00001769       0x61 d:/altera/13.1/nios2eds/bin/gnu/h-i686-mingw32/bin/../lib/gcc/nios2-elf/4.7.3/../../../../../H-i686-mingw32/nios2-elf/lib\libc.a(lib_a-__call_atexit.o)
                                0x551 (size before relaxing)
 .debug_str     0x000017ca       0x2a ../seq_bsp/\libhal_bsp.a(alt_exit.o)
                                0x108 (size before relaxing)

.debug_loc      0x00000000     0x11ce
 *(.debug_loc)
 .debug_loc     0x00000000       0x2c obj/default/hello_world.o
 .debug_loc     0x0000002c       0x58 ../seq_bsp/\libhal_bsp.a(alt_load.o)
 .debug_loc     0x00000084       0x2c ../seq_bsp/\libhal_bsp.a(alt_main.o)
 .debug_loc     0x000000b0       0x84 ../seq_bsp/\libhal_bsp.a(alt_sys_init.o)
 .debug_loc     0x00000134       0xb0 ../seq_bsp/\libhal_bsp.a(altera_avalon_jtag_uart_fd.o)
 .debug_loc     0x000001e4       0xb0 ../seq_bsp/\libhal_bsp.a(altera_avalon_jtag_uart_init.o)
 .debug_loc     0x00000294       0x2c ../seq_bsp/\libhal_bsp.a(altera_avalon_jtag_uart_ioctl.o)
 .debug_loc     0x000002c0       0x2c ../seq_bsp/\libhal_bsp.a(altera_avalon_jtag_uart_read.o)
 .debug_loc     0x000002ec       0x2c ../seq_bsp/\libhal_bsp.a(altera_avalon_jtag_uart_write.o)
 .debug_loc     0x00000318       0x58 ../seq_bsp/\libhal_bsp.a(altera_avalon_timer_sc.o)
 .debug_loc     0x00000370       0x84 ../seq_bsp/\libhal_bsp.a(altera_avalon_uart_fd.o)
 .debug_loc     0x000003f4       0xdc ../seq_bsp/\libhal_bsp.a(altera_avalon_uart_init.o)
 .debug_loc     0x000004d0       0x58 ../seq_bsp/\libhal_bsp.a(altera_avalon_uart_read.o)
 .debug_loc     0x00000528       0x58 ../seq_bsp/\libhal_bsp.a(altera_avalon_uart_write.o)
 .debug_loc     0x00000580       0x2c ../seq_bsp/\libhal_bsp.a(alt_alarm_start.o)
 .debug_loc     0x000005ac       0x58 ../seq_bsp/\libhal_bsp.a(alt_close.o)
 .debug_loc     0x00000604       0x2c ../seq_bsp/\libhal_bsp.a(alt_dcache_flush_all.o)
 .debug_loc     0x00000630       0x2c ../seq_bsp/\libhal_bsp.a(alt_dev.o)
 .debug_loc     0x0000065c       0x58 ../seq_bsp/\libhal_bsp.a(alt_dev_llist_insert.o)
 .debug_loc     0x000006b4       0x2c ../seq_bsp/\libhal_bsp.a(alt_do_ctors.o)
 .debug_loc     0x000006e0       0x2c ../seq_bsp/\libhal_bsp.a(alt_do_dtors.o)
 .debug_loc     0x0000070c       0x2c ../seq_bsp/\libhal_bsp.a(alt_icache_flush_all.o)
 .debug_loc     0x00000738       0xb0 ../seq_bsp/\libhal_bsp.a(alt_iic.o)
 .debug_loc     0x000007e8       0x2c ../seq_bsp/\libhal_bsp.a(alt_iic_isr_register.o)
 .debug_loc     0x00000814       0x58 ../seq_bsp/\libhal_bsp.a(alt_io_redirect.o)
 .debug_loc     0x0000086c       0x2c ../seq_bsp/\libhal_bsp.a(alt_irq_handler.o)
 .debug_loc     0x00000898       0x84 ../seq_bsp/\libhal_bsp.a(alt_open.o)
 .debug_loc     0x0000091c       0x2c ../seq_bsp/\libhal_bsp.a(alt_release_fd.o)
 .debug_loc     0x00000948       0x58 ../seq_bsp/\libhal_bsp.a(alt_tick.o)
 .debug_loc     0x000009a0       0x2c ../seq_bsp/\libhal_bsp.a(altera_nios2_qsys_irq.o)
 .debug_loc     0x000009cc       0x2c ../seq_bsp/\libhal_bsp.a(alt_find_dev.o)
 .debug_loc     0x000009f8       0x2c ../seq_bsp/\libhal_bsp.a(alt_find_file.o)
 .debug_loc     0x00000a24       0x2c ../seq_bsp/\libhal_bsp.a(alt_get_fd.o)
 .debug_loc     0x00000a50       0x2c ../seq_bsp/\libhal_bsp.a(alt_icache_flush.o)
 .debug_loc     0x00000a7c       0x2c d:/altera/13.1/nios2eds/bin/gnu/h-i686-mingw32/bin/../lib/gcc/nios2-elf/4.7.3/../../../../../H-i686-mingw32/nios2-elf/lib\libc.a(lib_a-atexit.o)
 .debug_loc     0x00000aa8       0x3e d:/altera/13.1/nios2eds/bin/gnu/h-i686-mingw32/bin/../lib/gcc/nios2-elf/4.7.3/../../../../../H-i686-mingw32/nios2-elf/lib\libc.a(lib_a-exit.o)
 .debug_loc     0x00000ae6      0x103 d:/altera/13.1/nios2eds/bin/gnu/h-i686-mingw32/bin/../lib/gcc/nios2-elf/4.7.3/../../../../../H-i686-mingw32/nios2-elf/lib\libc.a(lib_a-memcmp.o)
 .debug_loc     0x00000be9      0x1f2 d:/altera/13.1/nios2eds/bin/gnu/h-i686-mingw32/bin/../lib/gcc/nios2-elf/4.7.3/../../../../../H-i686-mingw32/nios2-elf/lib\libc.a(lib_a-memcpy.o)
 .debug_loc     0x00000ddb       0x52 d:/altera/13.1/nios2eds/bin/gnu/h-i686-mingw32/bin/../lib/gcc/nios2-elf/4.7.3/../../../../../H-i686-mingw32/nios2-elf/lib\libc.a(lib_a-strlen.o)
 .debug_loc     0x00000e2d      0x194 d:/altera/13.1/nios2eds/bin/gnu/h-i686-mingw32/bin/../lib/gcc/nios2-elf/4.7.3/../../../../../H-i686-mingw32/nios2-elf/lib\libc.a(lib_a-__atexit.o)
 .debug_loc     0x00000fc1      0x1e1 d:/altera/13.1/nios2eds/bin/gnu/h-i686-mingw32/bin/../lib/gcc/nios2-elf/4.7.3/../../../../../H-i686-mingw32/nios2-elf/lib\libc.a(lib_a-__call_atexit.o)
 .debug_loc     0x000011a2       0x2c ../seq_bsp/\libhal_bsp.a(alt_exit.o)

.debug_macinfo
 *(.debug_macinfo)

.debug_weaknames
 *(.debug_weaknames)

.debug_funcnames
 *(.debug_funcnames)

.debug_typenames
 *(.debug_typenames)

.debug_varnames
 *(.debug_varnames)

.debug_alt_sim_info
                0x00000000       0x30
 *(.debug_alt_sim_info)
 .debug_alt_sim_info
                0x00000000       0x30 ../seq_bsp//obj/HAL/src/crt0.o
                0x08000000                __alt_data_end = 0x8000000
                0x08000000                PROVIDE (__alt_stack_pointer, __alt_data_end)
                0x04005ffc                PROVIDE (__alt_stack_limit, __alt_stack_base)
                0x04005ffc                PROVIDE (__alt_heap_start, end)
                0x08000000                PROVIDE (__alt_heap_limit, 0x8000000)
OUTPUT(seq.elf elf32-littlenios2)

.debug_ranges   0x00000000      0x118
 .debug_ranges  0x00000000       0x20 ../seq_bsp//obj/HAL/src/crt0.o
 .debug_ranges  0x00000020       0x30 ../seq_bsp/\libhal_bsp.a(altera_avalon_jtag_uart_init.o)
 .debug_ranges  0x00000050       0x18 ../seq_bsp/\libhal_bsp.a(altera_avalon_jtag_uart_read.o)
 .debug_ranges  0x00000068       0x30 ../seq_bsp/\libhal_bsp.a(alt_iic.o)
 .debug_ranges  0x00000098       0x28 ../seq_bsp/\libhal_bsp.a(alt_irq_entry.o)
 .debug_ranges  0x000000c0       0x10 ../seq_bsp/\libhal_bsp.a(alt_irq_handler.o)
 .debug_ranges  0x000000d0       0x30 ../seq_bsp/\libhal_bsp.a(alt_exception_entry.o)
 .debug_ranges  0x00000100       0x18 d:/altera/13.1/nios2eds/bin/gnu/h-i686-mingw32/bin/../lib/gcc/nios2-elf/4.7.3/../../../../../H-i686-mingw32/nios2-elf/lib\libc.a(lib_a-__call_atexit.o)
